------------------------------------------------------------
TimeQuest Timing Analyzer Summary
------------------------------------------------------------

Type  : Slow 1200mV 85C Model Setup 'PLL_prj|PLL_ctrl_inst|altpll_component|auto_generated|pll1|clk[0]'
Slack : -8.275
TNS   : -2329.654

Type  : Slow 1200mV 85C Model Setup 'key_debounce:key_debounce|led_out'
Slack : -5.495
TNS   : -428.476

Type  : Slow 1200mV 85C Model Setup 'receive:receive|i[0]'
Slack : -0.477
TNS   : -7.666

Type  : Slow 1200mV 85C Model Hold 'receive:receive|i[0]'
Slack : -1.485
TNS   : -58.254

Type  : Slow 1200mV 85C Model Hold 'PLL_prj|PLL_ctrl_inst|altpll_component|auto_generated|pll1|clk[0]'
Slack : -0.229
TNS   : -0.229

Type  : Slow 1200mV 85C Model Hold 'key_debounce:key_debounce|led_out'
Slack : 1.627
TNS   : 0.000

Type  : Slow 1200mV 85C Model Minimum Pulse Width 'receive:receive|i[0]'
Slack : 0.338
TNS   : 0.000

Type  : Slow 1200mV 85C Model Minimum Pulse Width 'key_debounce:key_debounce|led_out'
Slack : 0.429
TNS   : 0.000

Type  : Slow 1200mV 85C Model Minimum Pulse Width 'PLL_prj|PLL_ctrl_inst|altpll_component|auto_generated|pll1|clk[0]'
Slack : 2.200
TNS   : 0.000

Type  : Slow 1200mV 85C Model Minimum Pulse Width 'sys_clk'
Slack : 9.934
TNS   : 0.000

Type  : Slow 1200mV 0C Model Setup 'PLL_prj|PLL_ctrl_inst|altpll_component|auto_generated|pll1|clk[0]'
Slack : -7.502
TNS   : -2098.515

Type  : Slow 1200mV 0C Model Setup 'key_debounce:key_debounce|led_out'
Slack : -5.069
TNS   : -389.334

Type  : Slow 1200mV 0C Model Setup 'receive:receive|i[0]'
Slack : -0.750
TNS   : -17.889

Type  : Slow 1200mV 0C Model Hold 'receive:receive|i[0]'
Slack : -1.153
TNS   : -42.552

Type  : Slow 1200mV 0C Model Hold 'PLL_prj|PLL_ctrl_inst|altpll_component|auto_generated|pll1|clk[0]'
Slack : -0.341
TNS   : -0.341

Type  : Slow 1200mV 0C Model Hold 'key_debounce:key_debounce|led_out'
Slack : 1.438
TNS   : 0.000

Type  : Slow 1200mV 0C Model Minimum Pulse Width 'receive:receive|i[0]'
Slack : 0.199
TNS   : 0.000

Type  : Slow 1200mV 0C Model Minimum Pulse Width 'key_debounce:key_debounce|led_out'
Slack : 0.444
TNS   : 0.000

Type  : Slow 1200mV 0C Model Minimum Pulse Width 'PLL_prj|PLL_ctrl_inst|altpll_component|auto_generated|pll1|clk[0]'
Slack : 2.162
TNS   : 0.000

Type  : Slow 1200mV 0C Model Minimum Pulse Width 'sys_clk'
Slack : 9.943
TNS   : 0.000

Type  : Fast 1200mV 0C Model Setup 'PLL_prj|PLL_ctrl_inst|altpll_component|auto_generated|pll1|clk[0]'
Slack : -3.172
TNS   : -966.927

Type  : Fast 1200mV 0C Model Setup 'key_debounce:key_debounce|led_out'
Slack : -2.088
TNS   : -145.914

Type  : Fast 1200mV 0C Model Setup 'receive:receive|i[0]'
Slack : 0.156
TNS   : 0.000

Type  : Fast 1200mV 0C Model Hold 'receive:receive|i[0]'
Slack : -0.898
TNS   : -36.737

Type  : Fast 1200mV 0C Model Hold 'PLL_prj|PLL_ctrl_inst|altpll_component|auto_generated|pll1|clk[0]'
Slack : -0.066
TNS   : -0.066

Type  : Fast 1200mV 0C Model Hold 'key_debounce:key_debounce|led_out'
Slack : 0.678
TNS   : 0.000

Type  : Fast 1200mV 0C Model Minimum Pulse Width 'receive:receive|i[0]'
Slack : 0.267
TNS   : 0.000

Type  : Fast 1200mV 0C Model Minimum Pulse Width 'key_debounce:key_debounce|led_out'
Slack : 0.405
TNS   : 0.000

Type  : Fast 1200mV 0C Model Minimum Pulse Width 'PLL_prj|PLL_ctrl_inst|altpll_component|auto_generated|pll1|clk[0]'
Slack : 2.268
TNS   : 0.000

Type  : Fast 1200mV 0C Model Minimum Pulse Width 'sys_clk'
Slack : 9.594
TNS   : 0.000

------------------------------------------------------------
