------------------------------------------------------------
TimeQuest Timing Analyzer Summary
------------------------------------------------------------

Type  : Slow 1200mV 85C Model Setup 'sys_clk'
Slack : -7.572
TNS   : -2561.196

Type  : Slow 1200mV 85C Model Setup 'ir_hwx:ir_hwx|keyCode_reg[0]'
Slack : -5.601
TNS   : -43.149

Type  : Slow 1200mV 85C Model Setup 'clk_gen:clk_gen|clk_hwx'
Slack : -4.897
TNS   : -119.575

Type  : Slow 1200mV 85C Model Hold 'ir_hwx:ir_hwx|keyCode_reg[0]'
Slack : -3.196
TNS   : -22.689

Type  : Slow 1200mV 85C Model Hold 'sys_clk'
Slack : -0.008
TNS   : -0.008

Type  : Slow 1200mV 85C Model Hold 'clk_gen:clk_gen|clk_hwx'
Slack : 0.434
TNS   : 0.000

Type  : Slow 1200mV 85C Model Minimum Pulse Width 'sys_clk'
Slack : -3.000
TNS   : -664.715

Type  : Slow 1200mV 85C Model Minimum Pulse Width 'clk_gen:clk_gen|clk_hwx'
Slack : -1.487
TNS   : -53.532

Type  : Slow 1200mV 85C Model Minimum Pulse Width 'ir_hwx:ir_hwx|keyCode_reg[0]'
Slack : 0.321
TNS   : 0.000

Type  : Slow 1200mV 0C Model Setup 'sys_clk'
Slack : -7.150
TNS   : -2376.564

Type  : Slow 1200mV 0C Model Setup 'ir_hwx:ir_hwx|keyCode_reg[0]'
Slack : -5.133
TNS   : -39.591

Type  : Slow 1200mV 0C Model Setup 'clk_gen:clk_gen|clk_hwx'
Slack : -4.501
TNS   : -109.939

Type  : Slow 1200mV 0C Model Hold 'ir_hwx:ir_hwx|keyCode_reg[0]'
Slack : -3.102
TNS   : -20.895

Type  : Slow 1200mV 0C Model Hold 'sys_clk'
Slack : -0.014
TNS   : -0.014

Type  : Slow 1200mV 0C Model Hold 'clk_gen:clk_gen|clk_hwx'
Slack : 0.383
TNS   : 0.000

Type  : Slow 1200mV 0C Model Minimum Pulse Width 'sys_clk'
Slack : -3.000
TNS   : -664.715

Type  : Slow 1200mV 0C Model Minimum Pulse Width 'clk_gen:clk_gen|clk_hwx'
Slack : -1.487
TNS   : -53.532

Type  : Slow 1200mV 0C Model Minimum Pulse Width 'ir_hwx:ir_hwx|keyCode_reg[0]'
Slack : 0.003
TNS   : 0.000

Type  : Fast 1200mV 0C Model Setup 'sys_clk'
Slack : -3.069
TNS   : -838.681

Type  : Fast 1200mV 0C Model Setup 'ir_hwx:ir_hwx|keyCode_reg[0]'
Slack : -2.274
TNS   : -15.770

Type  : Fast 1200mV 0C Model Setup 'clk_gen:clk_gen|clk_hwx'
Slack : -1.608
TNS   : -32.521

Type  : Fast 1200mV 0C Model Hold 'ir_hwx:ir_hwx|keyCode_reg[0]'
Slack : -1.497
TNS   : -10.375

Type  : Fast 1200mV 0C Model Hold 'sys_clk'
Slack : -0.152
TNS   : -0.152

Type  : Fast 1200mV 0C Model Hold 'clk_gen:clk_gen|clk_hwx'
Slack : 0.179
TNS   : 0.000

Type  : Fast 1200mV 0C Model Minimum Pulse Width 'sys_clk'
Slack : -3.000
TNS   : -481.323

Type  : Fast 1200mV 0C Model Minimum Pulse Width 'clk_gen:clk_gen|clk_hwx'
Slack : -1.000
TNS   : -36.000

Type  : Fast 1200mV 0C Model Minimum Pulse Width 'ir_hwx:ir_hwx|keyCode_reg[0]'
Slack : 0.196
TNS   : 0.000

------------------------------------------------------------
