------------------------------------------------------------
TimeQuest Timing Analyzer Summary
------------------------------------------------------------

Type  : Slow 1200mV 85C Model Setup 'sys_clk'
Slack : -7.750
TNS   : -2697.991

Type  : Slow 1200mV 85C Model Setup 'ir_hwx:ir_hwx|keyCode_reg[0]'
Slack : -5.411
TNS   : -61.075

Type  : Slow 1200mV 85C Model Setup 'clk_gen:clk_gen|clk_hwx'
Slack : -3.519
TNS   : -88.388

Type  : Slow 1200mV 85C Model Hold 'ir_hwx:ir_hwx|keyCode_reg[0]'
Slack : -3.374
TNS   : -38.404

Type  : Slow 1200mV 85C Model Hold 'sys_clk'
Slack : -0.120
TNS   : -0.120

Type  : Slow 1200mV 85C Model Hold 'clk_gen:clk_gen|clk_hwx'
Slack : 0.433
TNS   : 0.000

Type  : Slow 1200mV 85C Model Minimum Pulse Width 'sys_clk'
Slack : -3.000
TNS   : -664.715

Type  : Slow 1200mV 85C Model Minimum Pulse Width 'clk_gen:clk_gen|clk_hwx'
Slack : -1.487
TNS   : -53.532

Type  : Slow 1200mV 85C Model Minimum Pulse Width 'ir_hwx:ir_hwx|keyCode_reg[0]'
Slack : 0.249
TNS   : 0.000

Type  : Slow 1200mV 0C Model Setup 'sys_clk'
Slack : -7.202
TNS   : -2484.361

Type  : Slow 1200mV 0C Model Setup 'ir_hwx:ir_hwx|keyCode_reg[0]'
Slack : -5.118
TNS   : -58.288

Type  : Slow 1200mV 0C Model Setup 'clk_gen:clk_gen|clk_hwx'
Slack : -3.176
TNS   : -79.774

Type  : Slow 1200mV 0C Model Hold 'ir_hwx:ir_hwx|keyCode_reg[0]'
Slack : -3.305
TNS   : -36.045

Type  : Slow 1200mV 0C Model Hold 'sys_clk'
Slack : -0.098
TNS   : -0.098

Type  : Slow 1200mV 0C Model Hold 'clk_gen:clk_gen|clk_hwx'
Slack : 0.383
TNS   : 0.000

Type  : Slow 1200mV 0C Model Minimum Pulse Width 'sys_clk'
Slack : -3.000
TNS   : -664.715

Type  : Slow 1200mV 0C Model Minimum Pulse Width 'clk_gen:clk_gen|clk_hwx'
Slack : -1.487
TNS   : -53.532

Type  : Slow 1200mV 0C Model Minimum Pulse Width 'ir_hwx:ir_hwx|keyCode_reg[0]'
Slack : -0.025
TNS   : -0.154

Type  : Fast 1200mV 0C Model Setup 'sys_clk'
Slack : -3.117
TNS   : -974.523

Type  : Fast 1200mV 0C Model Setup 'ir_hwx:ir_hwx|keyCode_reg[0]'
Slack : -2.078
TNS   : -22.794

Type  : Fast 1200mV 0C Model Setup 'clk_gen:clk_gen|clk_hwx'
Slack : -1.005
TNS   : -19.085

Type  : Fast 1200mV 0C Model Hold 'ir_hwx:ir_hwx|keyCode_reg[0]'
Slack : -1.628
TNS   : -16.216

Type  : Fast 1200mV 0C Model Hold 'sys_clk'
Slack : -0.219
TNS   : -0.219

Type  : Fast 1200mV 0C Model Hold 'clk_gen:clk_gen|clk_hwx'
Slack : 0.179
TNS   : 0.000

Type  : Fast 1200mV 0C Model Minimum Pulse Width 'sys_clk'
Slack : -3.000
TNS   : -483.601

Type  : Fast 1200mV 0C Model Minimum Pulse Width 'clk_gen:clk_gen|clk_hwx'
Slack : -1.000
TNS   : -36.000

Type  : Fast 1200mV 0C Model Minimum Pulse Width 'ir_hwx:ir_hwx|keyCode_reg[0]'
Slack : 0.241
TNS   : 0.000

------------------------------------------------------------
