Analysis & Synthesis report for uart_top
Wed May 20 23:37:12 2015
Quartus II 64-Bit Version 12.0 Build 178 05/31/2012 SJ Full Version


---------------------
; Table of Contents ;
---------------------
  1. Legal Notice
  2. Analysis & Synthesis Summary
  3. Analysis & Synthesis Settings
  4. Parallel Compilation
  5. Analysis & Synthesis Source Files Read
  6. Analysis & Synthesis Resource Usage Summary
  7. Analysis & Synthesis Resource Utilization by Entity
  8. State Machine - |uart_top|ir_hwx:ir_hwx|state
  9. User-Specified and Inferred Latches
 10. Registers Removed During Synthesis
 11. General Register Statistics
 12. Inverted Register Statistics
 13. Multiplexer Restructuring Statistics (Restructuring Performed)
 14. Parameter Settings for User Entity Instance: clk_gen:clk_gen
 15. Parameter Settings for User Entity Instance: ir_hwx:ir_hwx
 16. Elapsed Time Per Partition
 17. Analysis & Synthesis Messages



----------------
; Legal Notice ;
----------------
Copyright (C) 1991-2012 Altera Corporation
Your use of Altera Corporation's design tools, logic functions 
and other software and tools, and its AMPP partner logic 
functions, and any output files from any of the foregoing 
(including device programming or simulation files), and any 
associated documentation or information are expressly subject 
to the terms and conditions of the Altera Program License 
Subscription Agreement, Altera MegaCore Function License 
Agreement, or other applicable license agreement, including, 
without limitation, that your use is for the sole purpose of 
programming logic devices manufactured by Altera and sold by 
Altera or its authorized distributors.  Please refer to the 
applicable agreement for further details.



+--------------------------------------------------------------------------------+
; Analysis & Synthesis Summary                                                   ;
+------------------------------------+-------------------------------------------+
; Analysis & Synthesis Status        ; Successful - Wed May 20 23:37:12 2015     ;
; Quartus II 64-Bit Version          ; 12.0 Build 178 05/31/2012 SJ Full Version ;
; Revision Name                      ; uart_top                                  ;
; Top-level Entity Name              ; uart_top                                  ;
; Family                             ; Cyclone IV E                              ;
; Total logic elements               ; 869                                       ;
;     Total combinational functions  ; 835                                       ;
;     Dedicated logic registers      ; 481                                       ;
; Total registers                    ; 481                                       ;
; Total pins                         ; 24                                        ;
; Total virtual pins                 ; 0                                         ;
; Total memory bits                  ; 0                                         ;
; Embedded Multiplier 9-bit elements ; 0                                         ;
; Total PLLs                         ; 0                                         ;
+------------------------------------+-------------------------------------------+


+----------------------------------------------------------------------------------------------------------------------+
; Analysis & Synthesis Settings                                                                                        ;
+----------------------------------------------------------------------------+--------------------+--------------------+
; Option                                                                     ; Setting            ; Default Value      ;
+----------------------------------------------------------------------------+--------------------+--------------------+
; Device                                                                     ; EP4CE6E22C8        ;                    ;
; Top-level entity name                                                      ; uart_top           ; uart_top           ;
; Family name                                                                ; Cyclone IV E       ; Cyclone IV GX      ;
; Use smart compilation                                                      ; Off                ; Off                ;
; Enable parallel Assembler and TimeQuest Timing Analyzer during compilation ; On                 ; On                 ;
; Enable compact report table                                                ; Off                ; Off                ;
; Restructure Multiplexers                                                   ; Auto               ; Auto               ;
; Create Debugging Nodes for IP Cores                                        ; Off                ; Off                ;
; Preserve fewer node names                                                  ; On                 ; On                 ;
; Disable OpenCore Plus hardware evaluation                                  ; Off                ; Off                ;
; Verilog Version                                                            ; Verilog_2001       ; Verilog_2001       ;
; VHDL Version                                                               ; VHDL_1993          ; VHDL_1993          ;
; State Machine Processing                                                   ; Auto               ; Auto               ;
; Safe State Machine                                                         ; Off                ; Off                ;
; Extract Verilog State Machines                                             ; On                 ; On                 ;
; Extract VHDL State Machines                                                ; On                 ; On                 ;
; Ignore Verilog initial constructs                                          ; Off                ; Off                ;
; Iteration limit for constant Verilog loops                                 ; 5000               ; 5000               ;
; Iteration limit for non-constant Verilog loops                             ; 250                ; 250                ;
; Add Pass-Through Logic to Inferred RAMs                                    ; On                 ; On                 ;
; Infer RAMs from Raw Logic                                                  ; On                 ; On                 ;
; Parallel Synthesis                                                         ; On                 ; On                 ;
; DSP Block Balancing                                                        ; Auto               ; Auto               ;
; NOT Gate Push-Back                                                         ; On                 ; On                 ;
; Power-Up Don't Care                                                        ; On                 ; On                 ;
; Remove Redundant Logic Cells                                               ; Off                ; Off                ;
; Remove Duplicate Registers                                                 ; On                 ; On                 ;
; Ignore CARRY Buffers                                                       ; Off                ; Off                ;
; Ignore CASCADE Buffers                                                     ; Off                ; Off                ;
; Ignore GLOBAL Buffers                                                      ; Off                ; Off                ;
; Ignore ROW GLOBAL Buffers                                                  ; Off                ; Off                ;
; Ignore LCELL Buffers                                                       ; Off                ; Off                ;
; Ignore SOFT Buffers                                                        ; On                 ; On                 ;
; Limit AHDL Integers to 32 Bits                                             ; Off                ; Off                ;
; Optimization Technique                                                     ; Balanced           ; Balanced           ;
; Carry Chain Length                                                         ; 70                 ; 70                 ;
; Auto Carry Chains                                                          ; On                 ; On                 ;
; Auto Open-Drain Pins                                                       ; On                 ; On                 ;
; Perform WYSIWYG Primitive Resynthesis                                      ; Off                ; Off                ;
; Auto ROM Replacement                                                       ; On                 ; On                 ;
; Auto RAM Replacement                                                       ; On                 ; On                 ;
; Auto DSP Block Replacement                                                 ; On                 ; On                 ;
; Auto Shift Register Replacement                                            ; Auto               ; Auto               ;
; Allow Shift Register Merging across Hierarchies                            ; Auto               ; Auto               ;
; Auto Clock Enable Replacement                                              ; On                 ; On                 ;
; Strict RAM Replacement                                                     ; Off                ; Off                ;
; Allow Synchronous Control Signals                                          ; On                 ; On                 ;
; Force Use of Synchronous Clear Signals                                     ; Off                ; Off                ;
; Auto RAM Block Balancing                                                   ; On                 ; On                 ;
; Auto RAM to Logic Cell Conversion                                          ; Off                ; Off                ;
; Auto Resource Sharing                                                      ; Off                ; Off                ;
; Allow Any RAM Size For Recognition                                         ; Off                ; Off                ;
; Allow Any ROM Size For Recognition                                         ; Off                ; Off                ;
; Allow Any Shift Register Size For Recognition                              ; Off                ; Off                ;
; Use LogicLock Constraints during Resource Balancing                        ; On                 ; On                 ;
; Ignore translate_off and synthesis_off directives                          ; Off                ; Off                ;
; Timing-Driven Synthesis                                                    ; On                 ; On                 ;
; Report Parameter Settings                                                  ; On                 ; On                 ;
; Report Source Assignments                                                  ; On                 ; On                 ;
; Report Connectivity Checks                                                 ; On                 ; On                 ;
; Ignore Maximum Fan-Out Assignments                                         ; Off                ; Off                ;
; Synchronization Register Chain Length                                      ; 2                  ; 2                  ;
; PowerPlay Power Optimization                                               ; Normal compilation ; Normal compilation ;
; HDL message level                                                          ; Level2             ; Level2             ;
; Suppress Register Optimization Related Messages                            ; Off                ; Off                ;
; Number of Removed Registers Reported in Synthesis Report                   ; 5000               ; 5000               ;
; Number of Swept Nodes Reported in Synthesis Report                         ; 5000               ; 5000               ;
; Number of Inverted Registers Reported in Synthesis Report                  ; 100                ; 100                ;
; Clock MUX Protection                                                       ; On                 ; On                 ;
; Auto Gated Clock Conversion                                                ; Off                ; Off                ;
; Block Design Naming                                                        ; Auto               ; Auto               ;
; SDC constraint protection                                                  ; Off                ; Off                ;
; Synthesis Effort                                                           ; Auto               ; Auto               ;
; Shift Register Replacement - Allow Asynchronous Clear Signal               ; On                 ; On                 ;
; Analysis & Synthesis Message Level                                         ; Medium             ; Medium             ;
; Disable Register Merging Across Hierarchies                                ; Auto               ; Auto               ;
; Resource Aware Inference For Block RAM                                     ; On                 ; On                 ;
; Synthesis Seed                                                             ; 1                  ; 1                  ;
+----------------------------------------------------------------------------+--------------------+--------------------+


+------------------------------------------+
; Parallel Compilation                     ;
+----------------------------+-------------+
; Processors                 ; Number      ;
+----------------------------+-------------+
; Number detected on machine ; 4           ;
; Maximum allowed            ; 4           ;
;                            ;             ;
; Average used               ; 1.00        ;
; Maximum used               ; 4           ;
;                            ;             ;
; Usage by Processor         ; % Time Used ;
;     1 processor            ; 100.0%      ;
;     2-4 processors         ; < 0.1%      ;
+----------------------------+-------------+


+---------------------------------------------------------------------------------------------------------------------------------------+
; Analysis & Synthesis Source Files Read                                                                                                ;
+----------------------------------+-----------------+------------------------+-----------------------------------------------+---------+
; File Name with User-Entered Path ; Used in Netlist ; File Type              ; File Name with Absolute Path                  ; Library ;
+----------------------------------+-----------------+------------------------+-----------------------------------------------+---------+
; ir_hwx.v                         ; yes             ; User Verilog HDL File  ; C:/Users/Nice/Desktop/uart_top/ir_hwx.v       ;         ;
; clk_gen.v                        ; yes             ; User Verilog HDL File  ; C:/Users/Nice/Desktop/uart_top/clk_gen.v      ;         ;
; key_debounce.v                   ; yes             ; User Verilog HDL File  ; C:/Users/Nice/Desktop/uart_top/key_debounce.v ;         ;
; xkz_a.vhd                        ; yes             ; User VHDL File         ; C:/Users/Nice/Desktop/uart_top/xkz_a.vhd      ;         ;
; uart_tx.v                        ; yes             ; User Verilog HDL File  ; C:/Users/Nice/Desktop/uart_top/uart_tx.v      ;         ;
; uart_top.v                       ; yes             ; User Verilog HDL File  ; C:/Users/Nice/Desktop/uart_top/uart_top.v     ;         ;
; uart_rx.v                        ; yes             ; User Verilog HDL File  ; C:/Users/Nice/Desktop/uart_top/uart_rx.v      ;         ;
; baud.v                           ; yes             ; User Verilog HDL File  ; C:/Users/Nice/Desktop/uart_top/baud.v         ;         ;
; switch.vhd                       ; yes             ; User VHDL File         ; C:/Users/Nice/Desktop/uart_top/switch.vhd     ;         ;
; display.vhd                      ; yes             ; User VHDL File         ; C:/Users/Nice/Desktop/uart_top/display.vhd    ;         ;
; code.vhd                         ; yes             ; User VHDL File         ; C:/Users/Nice/Desktop/uart_top/code.vhd       ;         ;
+----------------------------------+-----------------+------------------------+-----------------------------------------------+---------+


+-------------------------------------------------------------+
; Analysis & Synthesis Resource Usage Summary                 ;
+---------------------------------------------+---------------+
; Resource                                    ; Usage         ;
+---------------------------------------------+---------------+
; Estimated Total logic elements              ; 869           ;
;                                             ;               ;
; Total combinational functions               ; 835           ;
; Logic element usage by number of LUT inputs ;               ;
;     -- 4 input functions                    ; 280           ;
;     -- 3 input functions                    ; 119           ;
;     -- <=2 input functions                  ; 436           ;
;                                             ;               ;
; Logic elements by mode                      ;               ;
;     -- normal mode                          ; 405           ;
;     -- arithmetic mode                      ; 430           ;
;                                             ;               ;
; Total registers                             ; 481           ;
;     -- Dedicated logic registers            ; 481           ;
;     -- I/O registers                        ; 0             ;
;                                             ;               ;
; I/O pins                                    ; 24            ;
; Maximum fan-out node                        ; sys_clk~input ;
; Maximum fan-out                             ; 445           ;
; Total fan-out                               ; 4112          ;
; Average fan-out                             ; 3.01          ;
+---------------------------------------------+---------------+


+-------------------------------------------------------------------------------------------------------------------------------------------------------------------------------------------------+
; Analysis & Synthesis Resource Utilization by Entity                                                                                                                                             ;
+--------------------------------+-------------------+--------------+-------------+--------------+---------+-----------+------+--------------+-------------------------------------+--------------+
; Compilation Hierarchy Node     ; LC Combinationals ; LC Registers ; Memory Bits ; DSP Elements ; DSP 9x9 ; DSP 18x18 ; Pins ; Virtual Pins ; Full Hierarchy Name                 ; Library Name ;
+--------------------------------+-------------------+--------------+-------------+--------------+---------+-----------+------+--------------+-------------------------------------+--------------+
; |uart_top                      ; 835 (0)           ; 481 (0)      ; 0           ; 0            ; 0       ; 0         ; 24   ; 0            ; |uart_top                           ;              ;
;    |baud:baud_rx|              ; 21 (21)           ; 14 (14)      ; 0           ; 0            ; 0       ; 0         ; 0    ; 0            ; |uart_top|baud:baud_rx              ;              ;
;    |baud:baud_tx|              ; 21 (21)           ; 14 (14)      ; 0           ; 0            ; 0       ; 0         ; 0    ; 0            ; |uart_top|baud:baud_tx              ;              ;
;    |clk_gen:clk_gen|           ; 21 (21)           ; 11 (11)      ; 0           ; 0            ; 0       ; 0         ; 0    ; 0            ; |uart_top|clk_gen:clk_gen           ;              ;
;    |code:code|                 ; 35 (35)           ; 0 (0)        ; 0           ; 0            ; 0       ; 0         ; 0    ; 0            ; |uart_top|code:code                 ;              ;
;    |display:display|           ; 10 (10)           ; 0 (0)        ; 0           ; 0            ; 0       ; 0         ; 0    ; 0            ; |uart_top|display:display           ;              ;
;    |ir_hwx:ir_hwx|             ; 65 (65)           ; 36 (36)      ; 0           ; 0            ; 0       ; 0         ; 0    ; 0            ; |uart_top|ir_hwx:ir_hwx             ;              ;
;    |key_debounce:key_debounce| ; 30 (30)           ; 25 (25)      ; 0           ; 0            ; 0       ; 0         ; 0    ; 0            ; |uart_top|key_debounce:key_debounce ;              ;
;    |switch:switch|             ; 7 (7)             ; 0 (0)        ; 0           ; 0            ; 0       ; 0         ; 0    ; 0            ; |uart_top|switch:switch             ;              ;
;    |uart_rx:uart_rx|           ; 28 (28)           ; 26 (26)      ; 0           ; 0            ; 0       ; 0         ; 0    ; 0            ; |uart_top|uart_rx:uart_rx           ;              ;
;    |uart_tx:uart_tx|           ; 18 (18)           ; 19 (19)      ; 0           ; 0            ; 0       ; 0         ; 0    ; 0            ; |uart_top|uart_tx:uart_tx           ;              ;
;    |xkz_a:xkz_a|               ; 579 (579)         ; 336 (336)    ; 0           ; 0            ; 0       ; 0         ; 0    ; 0            ; |uart_top|xkz_a:xkz_a               ;              ;
+--------------------------------+-------------------+--------------+-------------+--------------+---------+-----------+------+--------------+-------------------------------------+--------------+
Note: For table entries with two numbers listed, the numbers in parentheses indicate the number of resources of the given type used by the specific entity alone. The numbers listed outside of parentheses indicate the total resources of the given type used by the specific entity and all of its sub-entities in the hierarchy.


Encoding Type:  One-Hot
+--------------------------------------------------------------------------------------+
; State Machine - |uart_top|ir_hwx:ir_hwx|state                                        ;
+-------------------+-------------------+----------------+----------------+------------+
; Name              ; state.ReceiveCode ; state.Lead_4ms ; state.Lead_9ms ; state.Idle ;
+-------------------+-------------------+----------------+----------------+------------+
; state.Idle        ; 0                 ; 0              ; 0              ; 0          ;
; state.Lead_9ms    ; 0                 ; 0              ; 1              ; 1          ;
; state.Lead_4ms    ; 0                 ; 1              ; 0              ; 1          ;
; state.ReceiveCode ; 1                 ; 0              ; 0              ; 1          ;
+-------------------+-------------------+----------------+----------------+------------+


+----------------------------------------------------------------------------------------------------------------+
; User-Specified and Inferred Latches                                                                            ;
+-----------------------------------------------------+---------------------------------+------------------------+
; Latch Name                                          ; Latch Enable Signal             ; Free of Timing Hazards ;
+-----------------------------------------------------+---------------------------------+------------------------+
; display:display|a                                   ; key_debounce:key_debounce|led_1 ; no                     ;
; xkz_a:xkz_a|e[7]                                    ; display:display|a               ; yes                    ;
; xkz_a:xkz_a|e[6]                                    ; display:display|a               ; yes                    ;
; xkz_a:xkz_a|e[5]                                    ; display:display|a               ; yes                    ;
; xkz_a:xkz_a|e[4]                                    ; display:display|a               ; yes                    ;
; xkz_a:xkz_a|e[3]                                    ; display:display|a               ; yes                    ;
; xkz_a:xkz_a|e[2]                                    ; display:display|a               ; yes                    ;
; xkz_a:xkz_a|e[1]                                    ; display:display|a               ; yes                    ;
; xkz_a:xkz_a|e[0]                                    ; display:display|a               ; yes                    ;
; xkz_a:xkz_a|d[3]                                    ; display:display|a               ; yes                    ;
; xkz_a:xkz_a|d[2]                                    ; display:display|a               ; yes                    ;
; xkz_a:xkz_a|d[1]                                    ; display:display|a               ; yes                    ;
; xkz_a:xkz_a|d[0]                                    ; display:display|a               ; yes                    ;
; Number of user-specified and inferred latches = 13  ;                                 ;                        ;
+-----------------------------------------------------+---------------------------------+------------------------+
Note: All latches listed above may not be present at the end of synthesis due to various synthesis optimizations.


+--------------------------------------------------------------------------------+
; Registers Removed During Synthesis                                             ;
+---------------------------------------+----------------------------------------+
; Register name                         ; Reason for Removal                     ;
+---------------------------------------+----------------------------------------+
; uart_tx:uart_tx|tx_data[0]            ; Stuck at GND due to stuck port data_in ;
; uart_tx:uart_tx|bps_start_r~en        ; Lost fanout                            ;
; uart_rx:uart_rx|bps_start_r~en        ; Lost fanout                            ;
; Total Number of Removed Registers = 3 ;                                        ;
+---------------------------------------+----------------------------------------+


+------------------------------------------------------+
; General Register Statistics                          ;
+----------------------------------------------+-------+
; Statistic                                    ; Value ;
+----------------------------------------------+-------+
; Total registers                              ; 481   ;
; Number of registers using Synchronous Clear  ; 348   ;
; Number of registers using Synchronous Load   ; 0     ;
; Number of registers using Asynchronous Clear ; 134   ;
; Number of registers using Asynchronous Load  ; 0     ;
; Number of registers using Clock Enable       ; 298   ;
; Number of registers using Preset             ; 0     ;
+----------------------------------------------+-------+


+--------------------------------------------------+
; Inverted Register Statistics                     ;
+----------------------------------------+---------+
; Inverted Register                      ; Fan out ;
+----------------------------------------+---------+
; uart_tx:uart_tx|rs232_tx_r             ; 2       ;
; ir_hwx:ir_hwx|keyCode_reg[7]           ; 5       ;
; ir_hwx:ir_hwx|keyCode_reg[6]           ; 7       ;
; key_debounce:key_debounce|led_1        ; 1       ;
; key_debounce:key_debounce|key_rst      ; 3       ;
; key_debounce:key_debounce|key_rst_r    ; 1       ;
; key_debounce:key_debounce|key_samp     ; 2       ;
; key_debounce:key_debounce|key_samp_r   ; 1       ;
; Total number of inverted registers = 8 ;         ;
+----------------------------------------+---------+


+------------------------------------------------------------------------------------------------------------------------------------------------------------------+
; Multiplexer Restructuring Statistics (Restructuring Performed)                                                                                                   ;
+--------------------+-----------+---------------+----------------------+------------------------+------------------------------------+----------------------------+
; Multiplexer Inputs ; Bus Width ; Baseline Area ; Area if Restructured ; Saving if Restructured ; Registered                         ; Example Multiplexer Output ;
+--------------------+-----------+---------------+----------------------+------------------------+------------------------------------+----------------------------+
; 3:1                ; 4 bits    ; 8 LEs         ; 4 LEs                ; 4 LEs                  ; |uart_top|uart_rx:uart_rx|num[3]   ;                            ;
; 3:1                ; 4 bits    ; 8 LEs         ; 4 LEs                ; 4 LEs                  ; |uart_top|uart_tx:uart_tx|num[1]   ;                            ;
; 4:1                ; 32 bits   ; 64 LEs        ; 32 LEs               ; 32 LEs                 ; |uart_top|xkz_a:xkz_a|b[14]        ;                            ;
; 4:1                ; 32 bits   ; 64 LEs        ; 32 LEs               ; 32 LEs                 ; |uart_top|xkz_a:xkz_a|a[11]        ;                            ;
; 5:1                ; 5 bits    ; 15 LEs        ; 5 LEs                ; 10 LEs                 ; |uart_top|ir_hwx:ir_hwx|cnt_dat[0] ;                            ;
; 6:1                ; 9 bits    ; 36 LEs        ; 9 LEs                ; 27 LEs                 ; |uart_top|ir_hwx:ir_hwx|cnt[5]     ;                            ;
; 14:1               ; 2 bits    ; 18 LEs        ; 16 LEs               ; 2 LEs                  ; |uart_top|code:code|s[2]           ;                            ;
+--------------------+-----------+---------------+----------------------+------------------------+------------------------------------+----------------------------+


+--------------------------------------------------------------+
; Parameter Settings for User Entity Instance: clk_gen:clk_gen ;
+----------------+------------+--------------------------------+
; Parameter Name ; Value      ; Type                           ;
+----------------+------------+--------------------------------+
; div_hwx        ; 1101101011 ; Unsigned Binary                ;
+----------------+------------+--------------------------------+
Note: In order to hide this table in the UI and the text report file, please set the "Show Parameter Settings in Synthesis Report" option in "Analysis and Synthesis Settings -> More Settings" to "Off".


+------------------------------------------------------------+
; Parameter Settings for User Entity Instance: ir_hwx:ir_hwx ;
+----------------+-------+-----------------------------------+
; Parameter Name ; Value ; Type                              ;
+----------------+-------+-----------------------------------+
; Idle           ; 0001  ; Unsigned Binary                   ;
; Lead_9ms       ; 0010  ; Unsigned Binary                   ;
; Lead_4ms       ; 0100  ; Unsigned Binary                   ;
; ReceiveCode    ; 1000  ; Unsigned Binary                   ;
+----------------+-------+-----------------------------------+
Note: In order to hide this table in the UI and the text report file, please set the "Show Parameter Settings in Synthesis Report" option in "Analysis and Synthesis Settings -> More Settings" to "Off".


+-------------------------------+
; Elapsed Time Per Partition    ;
+----------------+--------------+
; Partition Name ; Elapsed Time ;
+----------------+--------------+
; Top            ; 00:00:02     ;
+----------------+--------------+


+-------------------------------+
; Analysis & Synthesis Messages ;
+-------------------------------+
Info: *******************************************************************
Info: Running Quartus II 64-Bit Analysis & Synthesis
    Info: Version 12.0 Build 178 05/31/2012 SJ Full Version
    Info: Processing started: Wed May 20 23:37:08 2015
Info: Command: quartus_map --read_settings_files=on --write_settings_files=off uart_top -c uart_top
Info (20030): Parallel compilation is enabled and will use 4 of the 4 processors detected
Info (12021): Found 1 design units, including 1 entities, in source file ir_hwx.v
    Info (12023): Found entity 1: ir_hwx
Info (12021): Found 1 design units, including 1 entities, in source file clk_gen.v
    Info (12023): Found entity 1: clk_gen
Info (12021): Found 1 design units, including 1 entities, in source file key_debounce.v
    Info (12023): Found entity 1: key_debounce
Info (12021): Found 2 design units, including 1 entities, in source file xkz_a.vhd
    Info (12022): Found design unit 1: xkz_a-xkz_a_arch
    Info (12023): Found entity 1: xkz_a
Info (12021): Found 1 design units, including 1 entities, in source file uart_tx.v
    Info (12023): Found entity 1: uart_tx
Info (12021): Found 1 design units, including 1 entities, in source file uart_top.v
    Info (12023): Found entity 1: uart_top
Info (12021): Found 1 design units, including 1 entities, in source file uart_rx.v
    Info (12023): Found entity 1: uart_rx
Info (12021): Found 1 design units, including 1 entities, in source file baud.v
    Info (12023): Found entity 1: baud
Info (12021): Found 2 design units, including 1 entities, in source file switch.vhd
    Info (12022): Found design unit 1: switch-switch_arch
    Info (12023): Found entity 1: switch
Info (12021): Found 2 design units, including 1 entities, in source file display.vhd
    Info (12022): Found design unit 1: display-display_arch
    Info (12023): Found entity 1: display
Info (12021): Found 2 design units, including 1 entities, in source file code.vhd
    Info (12022): Found design unit 1: code-code_arch
    Info (12023): Found entity 1: code
Info (12127): Elaborating entity "uart_top" for the top level hierarchy
Info (12128): Elaborating entity "key_debounce" for hierarchy "key_debounce:key_debounce"
Info (12128): Elaborating entity "clk_gen" for hierarchy "clk_gen:clk_gen"
Warning (10230): Verilog HDL assignment warning at clk_gen.v(18): truncated value with size 32 to match size of target (10)
Info (12128): Elaborating entity "ir_hwx" for hierarchy "ir_hwx:ir_hwx"
Warning (10230): Verilog HDL assignment warning at ir_hwx.v(70): truncated value with size 32 to match size of target (9)
Warning (10230): Verilog HDL assignment warning at ir_hwx.v(81): truncated value with size 32 to match size of target (9)
Warning (10230): Verilog HDL assignment warning at ir_hwx.v(92): truncated value with size 32 to match size of target (9)
Warning (10230): Verilog HDL assignment warning at ir_hwx.v(101): truncated value with size 32 to match size of target (5)
Info (12128): Elaborating entity "baud" for hierarchy "baud:baud_rx"
Info (12128): Elaborating entity "uart_rx" for hierarchy "uart_rx:uart_rx"
Info (12128): Elaborating entity "switch" for hierarchy "switch:switch"
Info (12128): Elaborating entity "code" for hierarchy "code:code"
Info (12128): Elaborating entity "display" for hierarchy "display:display"
Warning (10631): VHDL Process Statement warning at display.vhd(20): inferring latch(es) for signal or variable "a", which holds its previous value in one or more paths through the process
Info (10041): Inferred latch for "a" at display.vhd(20)
Info (12128): Elaborating entity "xkz_a" for hierarchy "xkz_a:xkz_a"
Warning (10631): VHDL Process Statement warning at xkz_a.vhd(26): inferring latch(es) for signal or variable "d", which holds its previous value in one or more paths through the process
Warning (10631): VHDL Process Statement warning at xkz_a.vhd(26): inferring latch(es) for signal or variable "e", which holds its previous value in one or more paths through the process
Info (10041): Inferred latch for "e[0]" at xkz_a.vhd(26)
Info (10041): Inferred latch for "e[1]" at xkz_a.vhd(26)
Info (10041): Inferred latch for "e[2]" at xkz_a.vhd(26)
Info (10041): Inferred latch for "e[3]" at xkz_a.vhd(26)
Info (10041): Inferred latch for "e[4]" at xkz_a.vhd(26)
Info (10041): Inferred latch for "e[5]" at xkz_a.vhd(26)
Info (10041): Inferred latch for "e[6]" at xkz_a.vhd(26)
Info (10041): Inferred latch for "e[7]" at xkz_a.vhd(26)
Info (10041): Inferred latch for "e[8]" at xkz_a.vhd(26)
Info (10041): Inferred latch for "e[9]" at xkz_a.vhd(26)
Info (10041): Inferred latch for "e[10]" at xkz_a.vhd(26)
Info (10041): Inferred latch for "e[11]" at xkz_a.vhd(26)
Info (10041): Inferred latch for "e[12]" at xkz_a.vhd(26)
Info (10041): Inferred latch for "e[13]" at xkz_a.vhd(26)
Info (10041): Inferred latch for "e[14]" at xkz_a.vhd(26)
Info (10041): Inferred latch for "e[15]" at xkz_a.vhd(26)
Info (10041): Inferred latch for "e[16]" at xkz_a.vhd(26)
Info (10041): Inferred latch for "e[17]" at xkz_a.vhd(26)
Info (10041): Inferred latch for "e[18]" at xkz_a.vhd(26)
Info (10041): Inferred latch for "e[19]" at xkz_a.vhd(26)
Info (10041): Inferred latch for "e[20]" at xkz_a.vhd(26)
Info (10041): Inferred latch for "e[21]" at xkz_a.vhd(26)
Info (10041): Inferred latch for "e[22]" at xkz_a.vhd(26)
Info (10041): Inferred latch for "e[23]" at xkz_a.vhd(26)
Info (10041): Inferred latch for "e[24]" at xkz_a.vhd(26)
Info (10041): Inferred latch for "e[25]" at xkz_a.vhd(26)
Info (10041): Inferred latch for "e[26]" at xkz_a.vhd(26)
Info (10041): Inferred latch for "e[27]" at xkz_a.vhd(26)
Info (10041): Inferred latch for "e[28]" at xkz_a.vhd(26)
Info (10041): Inferred latch for "e[29]" at xkz_a.vhd(26)
Info (10041): Inferred latch for "e[30]" at xkz_a.vhd(26)
Info (10041): Inferred latch for "e[31]" at xkz_a.vhd(26)
Info (10041): Inferred latch for "d[0]" at xkz_a.vhd(26)
Info (10041): Inferred latch for "d[1]" at xkz_a.vhd(26)
Info (10041): Inferred latch for "d[2]" at xkz_a.vhd(26)
Info (10041): Inferred latch for "d[3]" at xkz_a.vhd(26)
Info (10041): Inferred latch for "d[4]" at xkz_a.vhd(26)
Info (10041): Inferred latch for "d[5]" at xkz_a.vhd(26)
Info (10041): Inferred latch for "d[6]" at xkz_a.vhd(26)
Info (10041): Inferred latch for "d[7]" at xkz_a.vhd(26)
Info (10041): Inferred latch for "d[8]" at xkz_a.vhd(26)
Info (10041): Inferred latch for "d[9]" at xkz_a.vhd(26)
Info (10041): Inferred latch for "d[10]" at xkz_a.vhd(26)
Info (10041): Inferred latch for "d[11]" at xkz_a.vhd(26)
Info (10041): Inferred latch for "d[12]" at xkz_a.vhd(26)
Info (10041): Inferred latch for "d[13]" at xkz_a.vhd(26)
Info (10041): Inferred latch for "d[14]" at xkz_a.vhd(26)
Info (10041): Inferred latch for "d[15]" at xkz_a.vhd(26)
Info (10041): Inferred latch for "d[16]" at xkz_a.vhd(26)
Info (10041): Inferred latch for "d[17]" at xkz_a.vhd(26)
Info (10041): Inferred latch for "d[18]" at xkz_a.vhd(26)
Info (10041): Inferred latch for "d[19]" at xkz_a.vhd(26)
Info (10041): Inferred latch for "d[20]" at xkz_a.vhd(26)
Info (10041): Inferred latch for "d[21]" at xkz_a.vhd(26)
Info (10041): Inferred latch for "d[22]" at xkz_a.vhd(26)
Info (10041): Inferred latch for "d[23]" at xkz_a.vhd(26)
Info (10041): Inferred latch for "d[24]" at xkz_a.vhd(26)
Info (10041): Inferred latch for "d[25]" at xkz_a.vhd(26)
Info (10041): Inferred latch for "d[26]" at xkz_a.vhd(26)
Info (10041): Inferred latch for "d[27]" at xkz_a.vhd(26)
Info (10041): Inferred latch for "d[28]" at xkz_a.vhd(26)
Info (10041): Inferred latch for "d[29]" at xkz_a.vhd(26)
Info (10041): Inferred latch for "d[30]" at xkz_a.vhd(26)
Info (10041): Inferred latch for "d[31]" at xkz_a.vhd(26)
Info (12128): Elaborating entity "uart_tx" for hierarchy "uart_tx:uart_tx"
Warning (13046): Tri-state node(s) do not directly drive top-level pin(s)
    Warning (13049): Converted tri-state buffer "uart_tx:uart_tx|bps_start" feeding internal logic into a wire
    Warning (13049): Converted tri-state buffer "uart_rx:uart_rx|bps_start" feeding internal logic into a wire
Info (13000): Registers with preset signals will power-up high
Info (13003): DEV_CLRn pin will set, and not reset, register with preset signal due to NOT Gate Push-Back
Warning (13024): Output pins are stuck at VCC or GND
    Warning (13410): Pin "seg_en" is stuck at GND
    Warning (13410): Pin "digital[7]" is stuck at VCC
Info (286030): Timing-Driven Synthesis is running
Info (17049): 2 registers lost all their fanouts during netlist optimizations.
Info (16010): Generating hard_block partition "hard_block:auto_generated_inst"
    Info (16011): Adding 0 node(s), including 0 DDIO, 0 PLL, 0 transceiver and 0 LCELL
Info (21057): Implemented 893 device resources after synthesis - the final resource count might be different
    Info (21058): Implemented 5 input pins
    Info (21059): Implemented 19 output pins
    Info (21061): Implemented 869 logic cells
Info: Quartus II 64-Bit Analysis & Synthesis was successful. 0 errors, 14 warnings
    Info: Peak virtual memory: 471 megabytes
    Info: Processing ended: Wed May 20 23:37:12 2015
    Info: Elapsed time: 00:00:04
    Info: Total CPU time (on all processors): 00:00:04


