Analysis & Synthesis report for uart_top
Thu May 21 18:40:05 2015
Quartus II 64-Bit Version 12.0 Build 178 05/31/2012 SJ Full Version


---------------------
; Table of Contents ;
---------------------
  1. Legal Notice
  2. Analysis & Synthesis Summary
  3. Analysis & Synthesis Settings
  4. Parallel Compilation
  5. Analysis & Synthesis Source Files Read
  6. Analysis & Synthesis Resource Usage Summary
  7. Analysis & Synthesis Resource Utilization by Entity
  8. User-Specified and Inferred Latches
  9. Registers Removed During Synthesis
 10. General Register Statistics
 11. Inverted Register Statistics
 12. Multiplexer Restructuring Statistics (Restructuring Performed)
 13. Elapsed Time Per Partition
 14. Analysis & Synthesis Messages



----------------
; Legal Notice ;
----------------
Copyright (C) 1991-2012 Altera Corporation
Your use of Altera Corporation's design tools, logic functions 
and other software and tools, and its AMPP partner logic 
functions, and any output files from any of the foregoing 
(including device programming or simulation files), and any 
associated documentation or information are expressly subject 
to the terms and conditions of the Altera Program License 
Subscription Agreement, Altera MegaCore Function License 
Agreement, or other applicable license agreement, including, 
without limitation, that your use is for the sole purpose of 
programming logic devices manufactured by Altera and sold by 
Altera or its authorized distributors.  Please refer to the 
applicable agreement for further details.



+--------------------------------------------------------------------------------+
; Analysis & Synthesis Summary                                                   ;
+------------------------------------+-------------------------------------------+
; Analysis & Synthesis Status        ; Successful - Thu May 21 18:40:05 2015     ;
; Quartus II 64-Bit Version          ; 12.0 Build 178 05/31/2012 SJ Full Version ;
; Revision Name                      ; uart_top                                  ;
; Top-level Entity Name              ; uart_top                                  ;
; Family                             ; Cyclone IV E                              ;
; Total logic elements               ; 1,146                                     ;
;     Total combinational functions  ; 1,118                                     ;
;     Dedicated logic registers      ; 467                                       ;
; Total registers                    ; 467                                       ;
; Total pins                         ; 32                                        ;
; Total virtual pins                 ; 0                                         ;
; Total memory bits                  ; 0                                         ;
; Embedded Multiplier 9-bit elements ; 0                                         ;
; Total PLLs                         ; 0                                         ;
+------------------------------------+-------------------------------------------+


+----------------------------------------------------------------------------------------------------------------------+
; Analysis & Synthesis Settings                                                                                        ;
+----------------------------------------------------------------------------+--------------------+--------------------+
; Option                                                                     ; Setting            ; Default Value      ;
+----------------------------------------------------------------------------+--------------------+--------------------+
; Device                                                                     ; EP4CE6E22C8        ;                    ;
; Top-level entity name                                                      ; uart_top           ; uart_top           ;
; Family name                                                                ; Cyclone IV E       ; Cyclone IV GX      ;
; Use smart compilation                                                      ; Off                ; Off                ;
; Enable parallel Assembler and TimeQuest Timing Analyzer during compilation ; On                 ; On                 ;
; Enable compact report table                                                ; Off                ; Off                ;
; Restructure Multiplexers                                                   ; Auto               ; Auto               ;
; Create Debugging Nodes for IP Cores                                        ; Off                ; Off                ;
; Preserve fewer node names                                                  ; On                 ; On                 ;
; Disable OpenCore Plus hardware evaluation                                  ; Off                ; Off                ;
; Verilog Version                                                            ; Verilog_2001       ; Verilog_2001       ;
; VHDL Version                                                               ; VHDL_1993          ; VHDL_1993          ;
; State Machine Processing                                                   ; Auto               ; Auto               ;
; Safe State Machine                                                         ; Off                ; Off                ;
; Extract Verilog State Machines                                             ; On                 ; On                 ;
; Extract VHDL State Machines                                                ; On                 ; On                 ;
; Ignore Verilog initial constructs                                          ; Off                ; Off                ;
; Iteration limit for constant Verilog loops                                 ; 5000               ; 5000               ;
; Iteration limit for non-constant Verilog loops                             ; 250                ; 250                ;
; Add Pass-Through Logic to Inferred RAMs                                    ; On                 ; On                 ;
; Infer RAMs from Raw Logic                                                  ; On                 ; On                 ;
; Parallel Synthesis                                                         ; On                 ; On                 ;
; DSP Block Balancing                                                        ; Auto               ; Auto               ;
; NOT Gate Push-Back                                                         ; On                 ; On                 ;
; Power-Up Don't Care                                                        ; On                 ; On                 ;
; Remove Redundant Logic Cells                                               ; Off                ; Off                ;
; Remove Duplicate Registers                                                 ; On                 ; On                 ;
; Ignore CARRY Buffers                                                       ; Off                ; Off                ;
; Ignore CASCADE Buffers                                                     ; Off                ; Off                ;
; Ignore GLOBAL Buffers                                                      ; Off                ; Off                ;
; Ignore ROW GLOBAL Buffers                                                  ; Off                ; Off                ;
; Ignore LCELL Buffers                                                       ; Off                ; Off                ;
; Ignore SOFT Buffers                                                        ; On                 ; On                 ;
; Limit AHDL Integers to 32 Bits                                             ; Off                ; Off                ;
; Optimization Technique                                                     ; Balanced           ; Balanced           ;
; Carry Chain Length                                                         ; 70                 ; 70                 ;
; Auto Carry Chains                                                          ; On                 ; On                 ;
; Auto Open-Drain Pins                                                       ; On                 ; On                 ;
; Perform WYSIWYG Primitive Resynthesis                                      ; Off                ; Off                ;
; Auto ROM Replacement                                                       ; On                 ; On                 ;
; Auto RAM Replacement                                                       ; On                 ; On                 ;
; Auto DSP Block Replacement                                                 ; On                 ; On                 ;
; Auto Shift Register Replacement                                            ; Auto               ; Auto               ;
; Allow Shift Register Merging across Hierarchies                            ; Auto               ; Auto               ;
; Auto Clock Enable Replacement                                              ; On                 ; On                 ;
; Strict RAM Replacement                                                     ; Off                ; Off                ;
; Allow Synchronous Control Signals                                          ; On                 ; On                 ;
; Force Use of Synchronous Clear Signals                                     ; Off                ; Off                ;
; Auto RAM Block Balancing                                                   ; On                 ; On                 ;
; Auto RAM to Logic Cell Conversion                                          ; Off                ; Off                ;
; Auto Resource Sharing                                                      ; Off                ; Off                ;
; Allow Any RAM Size For Recognition                                         ; Off                ; Off                ;
; Allow Any ROM Size For Recognition                                         ; Off                ; Off                ;
; Allow Any Shift Register Size For Recognition                              ; Off                ; Off                ;
; Use LogicLock Constraints during Resource Balancing                        ; On                 ; On                 ;
; Ignore translate_off and synthesis_off directives                          ; Off                ; Off                ;
; Timing-Driven Synthesis                                                    ; On                 ; On                 ;
; Report Parameter Settings                                                  ; On                 ; On                 ;
; Report Source Assignments                                                  ; On                 ; On                 ;
; Report Connectivity Checks                                                 ; On                 ; On                 ;
; Ignore Maximum Fan-Out Assignments                                         ; Off                ; Off                ;
; Synchronization Register Chain Length                                      ; 2                  ; 2                  ;
; PowerPlay Power Optimization                                               ; Normal compilation ; Normal compilation ;
; HDL message level                                                          ; Level2             ; Level2             ;
; Suppress Register Optimization Related Messages                            ; Off                ; Off                ;
; Number of Removed Registers Reported in Synthesis Report                   ; 5000               ; 5000               ;
; Number of Swept Nodes Reported in Synthesis Report                         ; 5000               ; 5000               ;
; Number of Inverted Registers Reported in Synthesis Report                  ; 100                ; 100                ;
; Clock MUX Protection                                                       ; On                 ; On                 ;
; Auto Gated Clock Conversion                                                ; Off                ; Off                ;
; Block Design Naming                                                        ; Auto               ; Auto               ;
; SDC constraint protection                                                  ; Off                ; Off                ;
; Synthesis Effort                                                           ; Auto               ; Auto               ;
; Shift Register Replacement - Allow Asynchronous Clear Signal               ; On                 ; On                 ;
; Analysis & Synthesis Message Level                                         ; Medium             ; Medium             ;
; Disable Register Merging Across Hierarchies                                ; Auto               ; Auto               ;
; Resource Aware Inference For Block RAM                                     ; On                 ; On                 ;
; Synthesis Seed                                                             ; 1                  ; 1                  ;
+----------------------------------------------------------------------------+--------------------+--------------------+


+------------------------------------------+
; Parallel Compilation                     ;
+----------------------------+-------------+
; Processors                 ; Number      ;
+----------------------------+-------------+
; Number detected on machine ; 4           ;
; Maximum allowed            ; 4           ;
;                            ;             ;
; Average used               ; 1.00        ;
; Maximum used               ; 4           ;
;                            ;             ;
; Usage by Processor         ; % Time Used ;
;     1 processor            ; 100.0%      ;
;     2-4 processors         ; < 0.1%      ;
+----------------------------+-------------+


+----------------------------------------------------------------------------------------------------------------------------------------+
; Analysis & Synthesis Source Files Read                                                                                                 ;
+----------------------------------+-----------------+------------------------+------------------------------------------------+---------+
; File Name with User-Entered Path ; Used in Netlist ; File Type              ; File Name with Absolute Path                   ; Library ;
+----------------------------------+-----------------+------------------------+------------------------------------------------+---------+
; receive.vhd                      ; yes             ; User VHDL File         ; G:/product/uart_top_1_digital/receive.vhd      ;         ;
; xkz_a.vhd                        ; yes             ; User VHDL File         ; G:/product/uart_top_1_digital/xkz_a.vhd        ;         ;
; uart_tx.v                        ; yes             ; User Verilog HDL File  ; G:/product/uart_top_1_digital/uart_tx.v        ;         ;
; uart_top.v                       ; yes             ; User Verilog HDL File  ; G:/product/uart_top_1_digital/uart_top.v       ;         ;
; uart_rx.v                        ; yes             ; User Verilog HDL File  ; G:/product/uart_top_1_digital/uart_rx.v        ;         ;
; key_debounce.v                   ; yes             ; User Verilog HDL File  ; G:/product/uart_top_1_digital/key_debounce.v   ;         ;
; display.vhd                      ; yes             ; User VHDL File         ; G:/product/uart_top_1_digital/display.vhd      ;         ;
; baud.v                           ; yes             ; User Verilog HDL File  ; G:/product/uart_top_1_digital/baud.v           ;         ;
; key_debounce_a.v                 ; yes             ; User Verilog HDL File  ; G:/product/uart_top_1_digital/key_debounce_a.v ;         ;
+----------------------------------+-----------------+------------------------+------------------------------------------------+---------+


+-------------------------------------------------------------+
; Analysis & Synthesis Resource Usage Summary                 ;
+---------------------------------------------+---------------+
; Resource                                    ; Usage         ;
+---------------------------------------------+---------------+
; Estimated Total logic elements              ; 1,146         ;
;                                             ;               ;
; Total combinational functions               ; 1118          ;
; Logic element usage by number of LUT inputs ;               ;
;     -- 4 input functions                    ; 346           ;
;     -- 3 input functions                    ; 254           ;
;     -- <=2 input functions                  ; 518           ;
;                                             ;               ;
; Logic elements by mode                      ;               ;
;     -- normal mode                          ; 690           ;
;     -- arithmetic mode                      ; 428           ;
;                                             ;               ;
; Total registers                             ; 467           ;
;     -- Dedicated logic registers            ; 467           ;
;     -- I/O registers                        ; 0             ;
;                                             ;               ;
; I/O pins                                    ; 32            ;
; Maximum fan-out node                        ; sys_clk~input ;
; Maximum fan-out                             ; 467           ;
; Total fan-out                               ; 4917          ;
; Average fan-out                             ; 2.98          ;
+---------------------------------------------+---------------+


+---------------------------------------------------------------------------------------------------------------------------------------------------------------------------------------------------------+
; Analysis & Synthesis Resource Utilization by Entity                                                                                                                                                     ;
+------------------------------------+-------------------+--------------+-------------+--------------+---------+-----------+------+--------------+-----------------------------------------+--------------+
; Compilation Hierarchy Node         ; LC Combinationals ; LC Registers ; Memory Bits ; DSP Elements ; DSP 9x9 ; DSP 18x18 ; Pins ; Virtual Pins ; Full Hierarchy Name                     ; Library Name ;
+------------------------------------+-------------------+--------------+-------------+--------------+---------+-----------+------+--------------+-----------------------------------------+--------------+
; |uart_top                          ; 1118 (0)          ; 467 (0)      ; 0           ; 0            ; 0       ; 0         ; 32   ; 0            ; |uart_top                               ;              ;
;    |baud:baud_rx|                  ; 21 (21)           ; 14 (14)      ; 0           ; 0            ; 0       ; 0         ; 0    ; 0            ; |uart_top|baud:baud_rx                  ;              ;
;    |baud:baud_tx|                  ; 21 (21)           ; 14 (14)      ; 0           ; 0            ; 0       ; 0         ; 0    ; 0            ; |uart_top|baud:baud_tx                  ;              ;
;    |key_debounce:key_debounce|     ; 30 (30)           ; 25 (25)      ; 0           ; 0            ; 0       ; 0         ; 0    ; 0            ; |uart_top|key_debounce:key_debounce     ;              ;
;    |key_debounce_a:key_debounce_a| ; 30 (30)           ; 25 (25)      ; 0           ; 0            ; 0       ; 0         ; 0    ; 0            ; |uart_top|key_debounce_a:key_debounce_a ;              ;
;    |receive:receive|               ; 97 (97)           ; 0 (0)        ; 0           ; 0            ; 0       ; 0         ; 0    ; 0            ; |uart_top|receive:receive               ;              ;
;    |uart_rx:uart_rx|               ; 28 (28)           ; 26 (26)      ; 0           ; 0            ; 0       ; 0         ; 0    ; 0            ; |uart_top|uart_rx:uart_rx               ;              ;
;    |uart_tx:uart_tx|               ; 18 (18)           ; 19 (19)      ; 0           ; 0            ; 0       ; 0         ; 0    ; 0            ; |uart_top|uart_tx:uart_tx               ;              ;
;    |xkz_a:xkz_a|                   ; 873 (873)         ; 344 (344)    ; 0           ; 0            ; 0       ; 0         ; 0    ; 0            ; |uart_top|xkz_a:xkz_a                   ;              ;
+------------------------------------+-------------------+--------------+-------------+--------------+---------+-----------+------+--------------+-----------------------------------------+--------------+
Note: For table entries with two numbers listed, the numbers in parentheses indicate the number of resources of the given type used by the specific entity alone. The numbers listed outside of parentheses indicate the total resources of the given type used by the specific entity and all of its sub-entities in the hierarchy.


+-------------------------------------------------------------------------------------------------------------------+
; User-Specified and Inferred Latches                                                                               ;
+------------------------------------------------------+-----------------------------------+------------------------+
; Latch Name                                           ; Latch Enable Signal               ; Free of Timing Hazards ;
+------------------------------------------------------+-----------------------------------+------------------------+
; xkz_a:xkz_a|e[0][7]                                  ; key_debounce:key_debounce|led_out ; yes                    ;
; xkz_a:xkz_a|e[0][6]                                  ; key_debounce:key_debounce|led_out ; yes                    ;
; xkz_a:xkz_a|e[0][5]                                  ; key_debounce:key_debounce|led_out ; yes                    ;
; xkz_a:xkz_a|e[0][4]                                  ; key_debounce:key_debounce|led_out ; yes                    ;
; xkz_a:xkz_a|e[0][3]                                  ; key_debounce:key_debounce|led_out ; yes                    ;
; xkz_a:xkz_a|e[0][2]                                  ; key_debounce:key_debounce|led_out ; yes                    ;
; xkz_a:xkz_a|e[0][1]                                  ; key_debounce:key_debounce|led_out ; yes                    ;
; xkz_a:xkz_a|e[0][0]                                  ; key_debounce:key_debounce|led_out ; yes                    ;
; xkz_a:xkz_a|e[1][7]                                  ; key_debounce:key_debounce|led_out ; yes                    ;
; xkz_a:xkz_a|e[1][6]                                  ; key_debounce:key_debounce|led_out ; yes                    ;
; xkz_a:xkz_a|e[1][5]                                  ; key_debounce:key_debounce|led_out ; yes                    ;
; xkz_a:xkz_a|e[1][4]                                  ; key_debounce:key_debounce|led_out ; yes                    ;
; xkz_a:xkz_a|e[1][3]                                  ; key_debounce:key_debounce|led_out ; yes                    ;
; xkz_a:xkz_a|e[1][2]                                  ; key_debounce:key_debounce|led_out ; yes                    ;
; xkz_a:xkz_a|e[1][1]                                  ; key_debounce:key_debounce|led_out ; yes                    ;
; xkz_a:xkz_a|e[1][0]                                  ; key_debounce:key_debounce|led_out ; yes                    ;
; xkz_a:xkz_a|e[2][7]                                  ; key_debounce:key_debounce|led_out ; yes                    ;
; xkz_a:xkz_a|e[2][6]                                  ; key_debounce:key_debounce|led_out ; yes                    ;
; xkz_a:xkz_a|e[2][5]                                  ; key_debounce:key_debounce|led_out ; yes                    ;
; xkz_a:xkz_a|e[2][4]                                  ; key_debounce:key_debounce|led_out ; yes                    ;
; xkz_a:xkz_a|e[2][3]                                  ; key_debounce:key_debounce|led_out ; yes                    ;
; xkz_a:xkz_a|e[2][2]                                  ; key_debounce:key_debounce|led_out ; yes                    ;
; xkz_a:xkz_a|e[2][1]                                  ; key_debounce:key_debounce|led_out ; yes                    ;
; xkz_a:xkz_a|e[2][0]                                  ; key_debounce:key_debounce|led_out ; yes                    ;
; xkz_a:xkz_a|e[3][7]                                  ; key_debounce:key_debounce|led_out ; yes                    ;
; xkz_a:xkz_a|e[3][6]                                  ; key_debounce:key_debounce|led_out ; yes                    ;
; xkz_a:xkz_a|e[3][5]                                  ; key_debounce:key_debounce|led_out ; yes                    ;
; xkz_a:xkz_a|e[3][4]                                  ; key_debounce:key_debounce|led_out ; yes                    ;
; xkz_a:xkz_a|e[3][3]                                  ; key_debounce:key_debounce|led_out ; yes                    ;
; xkz_a:xkz_a|e[3][2]                                  ; key_debounce:key_debounce|led_out ; yes                    ;
; xkz_a:xkz_a|e[3][1]                                  ; key_debounce:key_debounce|led_out ; yes                    ;
; xkz_a:xkz_a|e[3][0]                                  ; key_debounce:key_debounce|led_out ; yes                    ;
; xkz_a:xkz_a|e[4][7]                                  ; key_debounce:key_debounce|led_out ; yes                    ;
; xkz_a:xkz_a|e[4][6]                                  ; key_debounce:key_debounce|led_out ; yes                    ;
; xkz_a:xkz_a|e[4][5]                                  ; key_debounce:key_debounce|led_out ; yes                    ;
; xkz_a:xkz_a|e[4][4]                                  ; key_debounce:key_debounce|led_out ; yes                    ;
; xkz_a:xkz_a|e[4][3]                                  ; key_debounce:key_debounce|led_out ; yes                    ;
; xkz_a:xkz_a|e[4][2]                                  ; key_debounce:key_debounce|led_out ; yes                    ;
; xkz_a:xkz_a|e[4][1]                                  ; key_debounce:key_debounce|led_out ; yes                    ;
; xkz_a:xkz_a|e[4][0]                                  ; key_debounce:key_debounce|led_out ; yes                    ;
; xkz_a:xkz_a|e[5][7]                                  ; key_debounce:key_debounce|led_out ; yes                    ;
; xkz_a:xkz_a|e[5][6]                                  ; key_debounce:key_debounce|led_out ; yes                    ;
; xkz_a:xkz_a|e[5][5]                                  ; key_debounce:key_debounce|led_out ; yes                    ;
; xkz_a:xkz_a|e[5][4]                                  ; key_debounce:key_debounce|led_out ; yes                    ;
; xkz_a:xkz_a|e[5][3]                                  ; key_debounce:key_debounce|led_out ; yes                    ;
; xkz_a:xkz_a|e[5][2]                                  ; key_debounce:key_debounce|led_out ; yes                    ;
; xkz_a:xkz_a|e[5][1]                                  ; key_debounce:key_debounce|led_out ; yes                    ;
; xkz_a:xkz_a|e[5][0]                                  ; key_debounce:key_debounce|led_out ; yes                    ;
; xkz_a:xkz_a|e[6][7]                                  ; key_debounce:key_debounce|led_out ; yes                    ;
; xkz_a:xkz_a|e[6][6]                                  ; key_debounce:key_debounce|led_out ; yes                    ;
; xkz_a:xkz_a|e[6][5]                                  ; key_debounce:key_debounce|led_out ; yes                    ;
; xkz_a:xkz_a|e[6][4]                                  ; key_debounce:key_debounce|led_out ; yes                    ;
; xkz_a:xkz_a|e[6][3]                                  ; key_debounce:key_debounce|led_out ; yes                    ;
; xkz_a:xkz_a|e[6][2]                                  ; key_debounce:key_debounce|led_out ; yes                    ;
; xkz_a:xkz_a|e[6][1]                                  ; key_debounce:key_debounce|led_out ; yes                    ;
; xkz_a:xkz_a|e[6][0]                                  ; key_debounce:key_debounce|led_out ; yes                    ;
; xkz_a:xkz_a|e[7][7]                                  ; key_debounce:key_debounce|led_out ; yes                    ;
; xkz_a:xkz_a|e[7][6]                                  ; key_debounce:key_debounce|led_out ; yes                    ;
; xkz_a:xkz_a|e[7][5]                                  ; key_debounce:key_debounce|led_out ; yes                    ;
; xkz_a:xkz_a|e[7][4]                                  ; key_debounce:key_debounce|led_out ; yes                    ;
; xkz_a:xkz_a|e[7][3]                                  ; key_debounce:key_debounce|led_out ; yes                    ;
; xkz_a:xkz_a|e[7][2]                                  ; key_debounce:key_debounce|led_out ; yes                    ;
; xkz_a:xkz_a|e[7][1]                                  ; key_debounce:key_debounce|led_out ; yes                    ;
; xkz_a:xkz_a|e[7][0]                                  ; key_debounce:key_debounce|led_out ; yes                    ;
; receive:receive|s01[4]                               ; receive:receive|Equal18           ; yes                    ;
; receive:receive|s01[5]                               ; receive:receive|Equal18           ; yes                    ;
; receive:receive|s01[6]                               ; receive:receive|Equal18           ; yes                    ;
; receive:receive|s01[7]                               ; receive:receive|Equal18           ; yes                    ;
; receive:receive|s01[0]                               ; receive:receive|Equal18           ; yes                    ;
; receive:receive|s01[1]                               ; receive:receive|Equal18           ; yes                    ;
; receive:receive|s01[2]                               ; receive:receive|Equal18           ; yes                    ;
; receive:receive|s01[3]                               ; receive:receive|Equal18           ; yes                    ;
; xkz_a:xkz_a|d[2][3]                                  ; key_debounce:key_debounce|led_out ; yes                    ;
; xkz_a:xkz_a|d[1][3]                                  ; key_debounce:key_debounce|led_out ; yes                    ;
; xkz_a:xkz_a|d[0][3]                                  ; key_debounce:key_debounce|led_out ; yes                    ;
; xkz_a:xkz_a|d[3][3]                                  ; key_debounce:key_debounce|led_out ; yes                    ;
; xkz_a:xkz_a|d[5][3]                                  ; key_debounce:key_debounce|led_out ; yes                    ;
; xkz_a:xkz_a|d[6][3]                                  ; key_debounce:key_debounce|led_out ; yes                    ;
; xkz_a:xkz_a|d[4][3]                                  ; key_debounce:key_debounce|led_out ; yes                    ;
; xkz_a:xkz_a|d[7][3]                                  ; key_debounce:key_debounce|led_out ; yes                    ;
; xkz_a:xkz_a|d[2][2]                                  ; key_debounce:key_debounce|led_out ; yes                    ;
; xkz_a:xkz_a|d[1][2]                                  ; key_debounce:key_debounce|led_out ; yes                    ;
; xkz_a:xkz_a|d[0][2]                                  ; key_debounce:key_debounce|led_out ; yes                    ;
; xkz_a:xkz_a|d[3][2]                                  ; key_debounce:key_debounce|led_out ; yes                    ;
; xkz_a:xkz_a|d[5][2]                                  ; key_debounce:key_debounce|led_out ; yes                    ;
; xkz_a:xkz_a|d[6][2]                                  ; key_debounce:key_debounce|led_out ; yes                    ;
; xkz_a:xkz_a|d[4][2]                                  ; key_debounce:key_debounce|led_out ; yes                    ;
; xkz_a:xkz_a|d[7][2]                                  ; key_debounce:key_debounce|led_out ; yes                    ;
; xkz_a:xkz_a|d[2][1]                                  ; key_debounce:key_debounce|led_out ; yes                    ;
; xkz_a:xkz_a|d[1][1]                                  ; key_debounce:key_debounce|led_out ; yes                    ;
; xkz_a:xkz_a|d[0][1]                                  ; key_debounce:key_debounce|led_out ; yes                    ;
; xkz_a:xkz_a|d[3][1]                                  ; key_debounce:key_debounce|led_out ; yes                    ;
; xkz_a:xkz_a|d[5][1]                                  ; key_debounce:key_debounce|led_out ; yes                    ;
; xkz_a:xkz_a|d[6][1]                                  ; key_debounce:key_debounce|led_out ; yes                    ;
; xkz_a:xkz_a|d[4][1]                                  ; key_debounce:key_debounce|led_out ; yes                    ;
; xkz_a:xkz_a|d[7][1]                                  ; key_debounce:key_debounce|led_out ; yes                    ;
; xkz_a:xkz_a|d[2][0]                                  ; key_debounce:key_debounce|led_out ; yes                    ;
; xkz_a:xkz_a|d[1][0]                                  ; key_debounce:key_debounce|led_out ; yes                    ;
; xkz_a:xkz_a|d[0][0]                                  ; key_debounce:key_debounce|led_out ; yes                    ;
; xkz_a:xkz_a|d[3][0]                                  ; key_debounce:key_debounce|led_out ; yes                    ;
; Number of user-specified and inferred latches = 163  ;                                   ;                        ;
+------------------------------------------------------+-----------------------------------+------------------------+
Table restricted to first 100 entries. Note: All latches listed above may not be present at the end of synthesis due to various synthesis optimizations.


+--------------------------------------------------------------------------------+
; Registers Removed During Synthesis                                             ;
+---------------------------------------+----------------------------------------+
; Register name                         ; Reason for Removal                     ;
+---------------------------------------+----------------------------------------+
; uart_tx:uart_tx|tx_data[0]            ; Stuck at GND due to stuck port data_in ;
; uart_tx:uart_tx|bps_start_r~en        ; Lost fanout                            ;
; uart_rx:uart_rx|bps_start_r~en        ; Lost fanout                            ;
; Total Number of Removed Registers = 3 ;                                        ;
+---------------------------------------+----------------------------------------+


+------------------------------------------------------+
; General Register Statistics                          ;
+----------------------------------------------+-------+
; Statistic                                    ; Value ;
+----------------------------------------------+-------+
; Total registers                              ; 467   ;
; Number of registers using Synchronous Clear  ; 354   ;
; Number of registers using Synchronous Load   ; 0     ;
; Number of registers using Asynchronous Clear ; 121   ;
; Number of registers using Asynchronous Load  ; 0     ;
; Number of registers using Clock Enable       ; 292   ;
; Number of registers using Preset             ; 0     ;
+----------------------------------------------+-------+


+----------------------------------------------------+
; Inverted Register Statistics                       ;
+------------------------------------------+---------+
; Inverted Register                        ; Fan out ;
+------------------------------------------+---------+
; uart_tx:uart_tx|rs232_tx_r               ; 2       ;
; key_debounce:key_debounce|led_out        ; 98      ;
; key_debounce_a:key_debounce_a|led_out    ; 10      ;
; key_debounce:key_debounce|key_rst        ; 3       ;
; key_debounce:key_debounce|key_rst_r      ; 1       ;
; key_debounce_a:key_debounce_a|key_rst    ; 3       ;
; key_debounce_a:key_debounce_a|key_rst_r  ; 1       ;
; key_debounce:key_debounce|key_samp       ; 2       ;
; key_debounce:key_debounce|key_samp_r     ; 1       ;
; key_debounce_a:key_debounce_a|key_samp   ; 2       ;
; key_debounce_a:key_debounce_a|key_samp_r ; 1       ;
; Total number of inverted registers = 11  ;         ;
+------------------------------------------+---------+


+-------------------------------------------------------------------------------------------------------------------------------------------------------------------+
; Multiplexer Restructuring Statistics (Restructuring Performed)                                                                                                    ;
+--------------------+-----------+---------------+----------------------+------------------------+-------------------------------------+----------------------------+
; Multiplexer Inputs ; Bus Width ; Baseline Area ; Area if Restructured ; Saving if Restructured ; Registered                          ; Example Multiplexer Output ;
+--------------------+-----------+---------------+----------------------+------------------------+-------------------------------------+----------------------------+
; 3:1                ; 4 bits    ; 8 LEs         ; 4 LEs                ; 4 LEs                  ; |uart_top|uart_rx:uart_rx|num[2]    ;                            ;
; 3:1                ; 4 bits    ; 8 LEs         ; 4 LEs                ; 4 LEs                  ; |uart_top|uart_tx:uart_tx|num[2]    ;                            ;
; 4:1                ; 32 bits   ; 64 LEs        ; 32 LEs               ; 32 LEs                 ; |uart_top|xkz_a:xkz_a|b[20]         ;                            ;
; 4:1                ; 32 bits   ; 64 LEs        ; 32 LEs               ; 32 LEs                 ; |uart_top|xkz_a:xkz_a|a[3]          ;                            ;
; 4:1                ; 2 bits    ; 4 LEs         ; 2 LEs                ; 2 LEs                  ; |uart_top|receive:receive|seg_en[3] ;                            ;
; 8:1                ; 4 bits    ; 20 LEs        ; 20 LEs               ; 0 LEs                  ; |uart_top|xkz_a:xkz_a|Mux124        ;                            ;
; 6:1                ; 4 bits    ; 16 LEs        ; 16 LEs               ; 0 LEs                  ; |uart_top|receive:receive|seg_en[6] ;                            ;
+--------------------+-----------+---------------+----------------------+------------------------+-------------------------------------+----------------------------+


+-------------------------------+
; Elapsed Time Per Partition    ;
+----------------+--------------+
; Partition Name ; Elapsed Time ;
+----------------+--------------+
; Top            ; 00:00:03     ;
+----------------+--------------+


+-------------------------------+
; Analysis & Synthesis Messages ;
+-------------------------------+
Info: *******************************************************************
Info: Running Quartus II 64-Bit Analysis & Synthesis
    Info: Version 12.0 Build 178 05/31/2012 SJ Full Version
    Info: Processing started: Thu May 21 18:40:00 2015
Info: Command: quartus_map --read_settings_files=on --write_settings_files=off uart_top -c uart_top
Info (20030): Parallel compilation is enabled and will use 4 of the 4 processors detected
Info (12021): Found 2 design units, including 1 entities, in source file receive.vhd
    Info (12022): Found design unit 1: receive-receive_arch
    Info (12023): Found entity 1: receive
Info (12021): Found 2 design units, including 1 entities, in source file xkz_a.vhd
    Info (12022): Found design unit 1: xkz_a-xkz_a_arch
    Info (12023): Found entity 1: xkz_a
Info (12021): Found 1 design units, including 1 entities, in source file uart_tx.v
    Info (12023): Found entity 1: uart_tx
Info (12021): Found 1 design units, including 1 entities, in source file uart_top.v
    Info (12023): Found entity 1: uart_top
Info (12021): Found 1 design units, including 1 entities, in source file uart_rx.v
    Info (12023): Found entity 1: uart_rx
Info (12021): Found 1 design units, including 1 entities, in source file key_debounce.v
    Info (12023): Found entity 1: key_debounce
Info (12021): Found 2 design units, including 1 entities, in source file display.vhd
    Info (12022): Found design unit 1: display-display_arch
    Info (12023): Found entity 1: display
Info (12021): Found 1 design units, including 1 entities, in source file baud.v
    Info (12023): Found entity 1: baud
Info (12021): Found 1 design units, including 1 entities, in source file key_debounce_a.v
    Info (12023): Found entity 1: key_debounce_a
Info (12127): Elaborating entity "uart_top" for the top level hierarchy
Info (12128): Elaborating entity "key_debounce" for hierarchy "key_debounce:key_debounce"
Info (12128): Elaborating entity "key_debounce_a" for hierarchy "key_debounce_a:key_debounce_a"
Info (12128): Elaborating entity "baud" for hierarchy "baud:baud_rx"
Info (12128): Elaborating entity "uart_rx" for hierarchy "uart_rx:uart_rx"
Info (12128): Elaborating entity "display" for hierarchy "display:display"
Info (12128): Elaborating entity "receive" for hierarchy "receive:receive"
Warning (10492): VHDL Process Statement warning at receive.vhd(40): signal "seg_en1" is read inside the Process Statement but isn't in the Process Statement's sensitivity list
Warning (10492): VHDL Process Statement warning at receive.vhd(44): signal "seg_en1" is read inside the Process Statement but isn't in the Process Statement's sensitivity list
Warning (10492): VHDL Process Statement warning at receive.vhd(48): signal "seg_en1" is read inside the Process Statement but isn't in the Process Statement's sensitivity list
Warning (10492): VHDL Process Statement warning at receive.vhd(52): signal "seg_en1" is read inside the Process Statement but isn't in the Process Statement's sensitivity list
Warning (10492): VHDL Process Statement warning at receive.vhd(56): signal "seg_en1" is read inside the Process Statement but isn't in the Process Statement's sensitivity list
Warning (10492): VHDL Process Statement warning at receive.vhd(60): signal "seg_en1" is read inside the Process Statement but isn't in the Process Statement's sensitivity list
Warning (10492): VHDL Process Statement warning at receive.vhd(64): signal "seg_en1" is read inside the Process Statement but isn't in the Process Statement's sensitivity list
Warning (10492): VHDL Process Statement warning at receive.vhd(68): signal "seg_en1" is read inside the Process Statement but isn't in the Process Statement's sensitivity list
Warning (10492): VHDL Process Statement warning at receive.vhd(71): signal "seg_en1" is read inside the Process Statement but isn't in the Process Statement's sensitivity list
Warning (10631): VHDL Process Statement warning at receive.vhd(35): inferring latch(es) for signal or variable "i", which holds its previous value in one or more paths through the process
Warning (10631): VHDL Process Statement warning at receive.vhd(75): inferring latch(es) for signal or variable "s01", which holds its previous value in one or more paths through the process
Warning (10631): VHDL Process Statement warning at receive.vhd(75): inferring latch(es) for signal or variable "s11", which holds its previous value in one or more paths through the process
Warning (10631): VHDL Process Statement warning at receive.vhd(75): inferring latch(es) for signal or variable "s21", which holds its previous value in one or more paths through the process
Warning (10631): VHDL Process Statement warning at receive.vhd(75): inferring latch(es) for signal or variable "s31", which holds its previous value in one or more paths through the process
Warning (10631): VHDL Process Statement warning at receive.vhd(75): inferring latch(es) for signal or variable "s41", which holds its previous value in one or more paths through the process
Warning (10631): VHDL Process Statement warning at receive.vhd(75): inferring latch(es) for signal or variable "s51", which holds its previous value in one or more paths through the process
Warning (10631): VHDL Process Statement warning at receive.vhd(75): inferring latch(es) for signal or variable "s61", which holds its previous value in one or more paths through the process
Warning (10631): VHDL Process Statement warning at receive.vhd(75): inferring latch(es) for signal or variable "s71", which holds its previous value in one or more paths through the process
Info (10041): Inferred latch for "s71[0]" at receive.vhd(75)
Info (10041): Inferred latch for "s71[1]" at receive.vhd(75)
Info (10041): Inferred latch for "s71[2]" at receive.vhd(75)
Info (10041): Inferred latch for "s71[3]" at receive.vhd(75)
Info (10041): Inferred latch for "s71[4]" at receive.vhd(75)
Info (10041): Inferred latch for "s71[5]" at receive.vhd(75)
Info (10041): Inferred latch for "s71[6]" at receive.vhd(75)
Info (10041): Inferred latch for "s71[7]" at receive.vhd(75)
Info (10041): Inferred latch for "s61[0]" at receive.vhd(75)
Info (10041): Inferred latch for "s61[1]" at receive.vhd(75)
Info (10041): Inferred latch for "s61[2]" at receive.vhd(75)
Info (10041): Inferred latch for "s61[3]" at receive.vhd(75)
Info (10041): Inferred latch for "s61[4]" at receive.vhd(75)
Info (10041): Inferred latch for "s61[5]" at receive.vhd(75)
Info (10041): Inferred latch for "s61[6]" at receive.vhd(75)
Info (10041): Inferred latch for "s61[7]" at receive.vhd(75)
Info (10041): Inferred latch for "s51[0]" at receive.vhd(75)
Info (10041): Inferred latch for "s51[1]" at receive.vhd(75)
Info (10041): Inferred latch for "s51[2]" at receive.vhd(75)
Info (10041): Inferred latch for "s51[3]" at receive.vhd(75)
Info (10041): Inferred latch for "s51[4]" at receive.vhd(75)
Info (10041): Inferred latch for "s51[5]" at receive.vhd(75)
Info (10041): Inferred latch for "s51[6]" at receive.vhd(75)
Info (10041): Inferred latch for "s51[7]" at receive.vhd(75)
Info (10041): Inferred latch for "s41[0]" at receive.vhd(75)
Info (10041): Inferred latch for "s41[1]" at receive.vhd(75)
Info (10041): Inferred latch for "s41[2]" at receive.vhd(75)
Info (10041): Inferred latch for "s41[3]" at receive.vhd(75)
Info (10041): Inferred latch for "s41[4]" at receive.vhd(75)
Info (10041): Inferred latch for "s41[5]" at receive.vhd(75)
Info (10041): Inferred latch for "s41[6]" at receive.vhd(75)
Info (10041): Inferred latch for "s41[7]" at receive.vhd(75)
Info (10041): Inferred latch for "s31[0]" at receive.vhd(75)
Info (10041): Inferred latch for "s31[1]" at receive.vhd(75)
Info (10041): Inferred latch for "s31[2]" at receive.vhd(75)
Info (10041): Inferred latch for "s31[3]" at receive.vhd(75)
Info (10041): Inferred latch for "s31[4]" at receive.vhd(75)
Info (10041): Inferred latch for "s31[5]" at receive.vhd(75)
Info (10041): Inferred latch for "s31[6]" at receive.vhd(75)
Info (10041): Inferred latch for "s31[7]" at receive.vhd(75)
Info (10041): Inferred latch for "s21[0]" at receive.vhd(75)
Info (10041): Inferred latch for "s21[1]" at receive.vhd(75)
Info (10041): Inferred latch for "s21[2]" at receive.vhd(75)
Info (10041): Inferred latch for "s21[3]" at receive.vhd(75)
Info (10041): Inferred latch for "s21[4]" at receive.vhd(75)
Info (10041): Inferred latch for "s21[5]" at receive.vhd(75)
Info (10041): Inferred latch for "s21[6]" at receive.vhd(75)
Info (10041): Inferred latch for "s21[7]" at receive.vhd(75)
Info (10041): Inferred latch for "s11[0]" at receive.vhd(75)
Info (10041): Inferred latch for "s11[1]" at receive.vhd(75)
Info (10041): Inferred latch for "s11[2]" at receive.vhd(75)
Info (10041): Inferred latch for "s11[3]" at receive.vhd(75)
Info (10041): Inferred latch for "s11[4]" at receive.vhd(75)
Info (10041): Inferred latch for "s11[5]" at receive.vhd(75)
Info (10041): Inferred latch for "s11[6]" at receive.vhd(75)
Info (10041): Inferred latch for "s11[7]" at receive.vhd(75)
Info (10041): Inferred latch for "s01[0]" at receive.vhd(75)
Info (10041): Inferred latch for "s01[1]" at receive.vhd(75)
Info (10041): Inferred latch for "s01[2]" at receive.vhd(75)
Info (10041): Inferred latch for "s01[3]" at receive.vhd(75)
Info (10041): Inferred latch for "s01[4]" at receive.vhd(75)
Info (10041): Inferred latch for "s01[5]" at receive.vhd(75)
Info (10041): Inferred latch for "s01[6]" at receive.vhd(75)
Info (10041): Inferred latch for "s01[7]" at receive.vhd(75)
Info (10041): Inferred latch for "i[0]" at receive.vhd(35)
Info (10041): Inferred latch for "i[1]" at receive.vhd(35)
Info (10041): Inferred latch for "i[2]" at receive.vhd(35)
Info (10041): Inferred latch for "i[3]" at receive.vhd(35)
Info (10041): Inferred latch for "i[4]" at receive.vhd(35)
Info (10041): Inferred latch for "i[5]" at receive.vhd(35)
Info (10041): Inferred latch for "i[6]" at receive.vhd(35)
Info (10041): Inferred latch for "i[7]" at receive.vhd(35)
Info (10041): Inferred latch for "i[8]" at receive.vhd(35)
Info (10041): Inferred latch for "i[9]" at receive.vhd(35)
Info (10041): Inferred latch for "i[10]" at receive.vhd(35)
Info (10041): Inferred latch for "i[11]" at receive.vhd(35)
Info (10041): Inferred latch for "i[12]" at receive.vhd(35)
Info (10041): Inferred latch for "i[13]" at receive.vhd(35)
Info (10041): Inferred latch for "i[14]" at receive.vhd(35)
Info (10041): Inferred latch for "i[15]" at receive.vhd(35)
Info (10041): Inferred latch for "i[16]" at receive.vhd(35)
Info (10041): Inferred latch for "i[17]" at receive.vhd(35)
Info (10041): Inferred latch for "i[18]" at receive.vhd(35)
Info (10041): Inferred latch for "i[19]" at receive.vhd(35)
Info (10041): Inferred latch for "i[20]" at receive.vhd(35)
Info (10041): Inferred latch for "i[21]" at receive.vhd(35)
Info (10041): Inferred latch for "i[22]" at receive.vhd(35)
Info (10041): Inferred latch for "i[23]" at receive.vhd(35)
Info (10041): Inferred latch for "i[24]" at receive.vhd(35)
Info (10041): Inferred latch for "i[25]" at receive.vhd(35)
Info (10041): Inferred latch for "i[26]" at receive.vhd(35)
Info (10041): Inferred latch for "i[27]" at receive.vhd(35)
Info (10041): Inferred latch for "i[28]" at receive.vhd(35)
Info (10041): Inferred latch for "i[29]" at receive.vhd(35)
Info (10041): Inferred latch for "i[30]" at receive.vhd(35)
Info (10041): Inferred latch for "i[31]" at receive.vhd(35)
Info (12128): Elaborating entity "xkz_a" for hierarchy "xkz_a:xkz_a"
Warning (10631): VHDL Process Statement warning at xkz_a.vhd(35): inferring latch(es) for signal or variable "d", which holds its previous value in one or more paths through the process
Warning (10631): VHDL Process Statement warning at xkz_a.vhd(35): inferring latch(es) for signal or variable "e", which holds its previous value in one or more paths through the process
Warning (10631): VHDL Process Statement warning at xkz_a.vhd(68): inferring latch(es) for signal or variable "d", which holds its previous value in one or more paths through the process
Warning (10631): VHDL Process Statement warning at xkz_a.vhd(68): inferring latch(es) for signal or variable "e", which holds its previous value in one or more paths through the process
Warning (10631): VHDL Process Statement warning at xkz_a.vhd(101): inferring latch(es) for signal or variable "d", which holds its previous value in one or more paths through the process
Warning (10631): VHDL Process Statement warning at xkz_a.vhd(101): inferring latch(es) for signal or variable "e", which holds its previous value in one or more paths through the process
Warning (10631): VHDL Process Statement warning at xkz_a.vhd(134): inferring latch(es) for signal or variable "d", which holds its previous value in one or more paths through the process
Warning (10631): VHDL Process Statement warning at xkz_a.vhd(134): inferring latch(es) for signal or variable "e", which holds its previous value in one or more paths through the process
Warning (10631): VHDL Process Statement warning at xkz_a.vhd(167): inferring latch(es) for signal or variable "d", which holds its previous value in one or more paths through the process
Warning (10631): VHDL Process Statement warning at xkz_a.vhd(167): inferring latch(es) for signal or variable "e", which holds its previous value in one or more paths through the process
Warning (10631): VHDL Process Statement warning at xkz_a.vhd(200): inferring latch(es) for signal or variable "d", which holds its previous value in one or more paths through the process
Warning (10631): VHDL Process Statement warning at xkz_a.vhd(200): inferring latch(es) for signal or variable "e", which holds its previous value in one or more paths through the process
Warning (10631): VHDL Process Statement warning at xkz_a.vhd(233): inferring latch(es) for signal or variable "d", which holds its previous value in one or more paths through the process
Warning (10631): VHDL Process Statement warning at xkz_a.vhd(233): inferring latch(es) for signal or variable "e", which holds its previous value in one or more paths through the process
Warning (10631): VHDL Process Statement warning at xkz_a.vhd(266): inferring latch(es) for signal or variable "d", which holds its previous value in one or more paths through the process
Warning (10631): VHDL Process Statement warning at xkz_a.vhd(266): inferring latch(es) for signal or variable "e", which holds its previous value in one or more paths through the process
Info (10041): Inferred latch for "e[7][0]" at xkz_a.vhd(266)
Info (10041): Inferred latch for "e[7][1]" at xkz_a.vhd(266)
Info (10041): Inferred latch for "e[7][2]" at xkz_a.vhd(266)
Info (10041): Inferred latch for "e[7][3]" at xkz_a.vhd(266)
Info (10041): Inferred latch for "e[7][4]" at xkz_a.vhd(266)
Info (10041): Inferred latch for "e[7][5]" at xkz_a.vhd(266)
Info (10041): Inferred latch for "e[7][6]" at xkz_a.vhd(266)
Info (10041): Inferred latch for "e[7][7]" at xkz_a.vhd(266)
Info (10041): Inferred latch for "e[7][8]" at xkz_a.vhd(266)
Info (10041): Inferred latch for "e[7][9]" at xkz_a.vhd(266)
Info (10041): Inferred latch for "e[7][10]" at xkz_a.vhd(266)
Info (10041): Inferred latch for "e[7][11]" at xkz_a.vhd(266)
Info (10041): Inferred latch for "e[7][12]" at xkz_a.vhd(266)
Info (10041): Inferred latch for "e[7][13]" at xkz_a.vhd(266)
Info (10041): Inferred latch for "e[7][14]" at xkz_a.vhd(266)
Info (10041): Inferred latch for "e[7][15]" at xkz_a.vhd(266)
Info (10041): Inferred latch for "e[7][16]" at xkz_a.vhd(266)
Info (10041): Inferred latch for "e[7][17]" at xkz_a.vhd(266)
Info (10041): Inferred latch for "e[7][18]" at xkz_a.vhd(266)
Info (10041): Inferred latch for "e[7][19]" at xkz_a.vhd(266)
Info (10041): Inferred latch for "e[7][20]" at xkz_a.vhd(266)
Info (10041): Inferred latch for "e[7][21]" at xkz_a.vhd(266)
Info (10041): Inferred latch for "e[7][22]" at xkz_a.vhd(266)
Info (10041): Inferred latch for "e[7][23]" at xkz_a.vhd(266)
Info (10041): Inferred latch for "e[7][24]" at xkz_a.vhd(266)
Info (10041): Inferred latch for "e[7][25]" at xkz_a.vhd(266)
Info (10041): Inferred latch for "e[7][26]" at xkz_a.vhd(266)
Info (10041): Inferred latch for "e[7][27]" at xkz_a.vhd(266)
Info (10041): Inferred latch for "e[7][28]" at xkz_a.vhd(266)
Info (10041): Inferred latch for "e[7][29]" at xkz_a.vhd(266)
Info (10041): Inferred latch for "e[7][30]" at xkz_a.vhd(266)
Info (10041): Inferred latch for "e[7][31]" at xkz_a.vhd(266)
Info (10041): Inferred latch for "d[7][0]" at xkz_a.vhd(266)
Info (10041): Inferred latch for "d[7][1]" at xkz_a.vhd(266)
Info (10041): Inferred latch for "d[7][2]" at xkz_a.vhd(266)
Info (10041): Inferred latch for "d[7][3]" at xkz_a.vhd(266)
Info (10041): Inferred latch for "d[7][4]" at xkz_a.vhd(266)
Info (10041): Inferred latch for "d[7][5]" at xkz_a.vhd(266)
Info (10041): Inferred latch for "d[7][6]" at xkz_a.vhd(266)
Info (10041): Inferred latch for "d[7][7]" at xkz_a.vhd(266)
Info (10041): Inferred latch for "d[7][8]" at xkz_a.vhd(266)
Info (10041): Inferred latch for "d[7][9]" at xkz_a.vhd(266)
Info (10041): Inferred latch for "d[7][10]" at xkz_a.vhd(266)
Info (10041): Inferred latch for "d[7][11]" at xkz_a.vhd(266)
Info (10041): Inferred latch for "d[7][12]" at xkz_a.vhd(266)
Info (10041): Inferred latch for "d[7][13]" at xkz_a.vhd(266)
Info (10041): Inferred latch for "d[7][14]" at xkz_a.vhd(266)
Info (10041): Inferred latch for "d[7][15]" at xkz_a.vhd(266)
Info (10041): Inferred latch for "d[7][16]" at xkz_a.vhd(266)
Info (10041): Inferred latch for "d[7][17]" at xkz_a.vhd(266)
Info (10041): Inferred latch for "d[7][18]" at xkz_a.vhd(266)
Info (10041): Inferred latch for "d[7][19]" at xkz_a.vhd(266)
Info (10041): Inferred latch for "d[7][20]" at xkz_a.vhd(266)
Info (10041): Inferred latch for "d[7][21]" at xkz_a.vhd(266)
Info (10041): Inferred latch for "d[7][22]" at xkz_a.vhd(266)
Info (10041): Inferred latch for "d[7][23]" at xkz_a.vhd(266)
Info (10041): Inferred latch for "d[7][24]" at xkz_a.vhd(266)
Info (10041): Inferred latch for "d[7][25]" at xkz_a.vhd(266)
Info (10041): Inferred latch for "d[7][26]" at xkz_a.vhd(266)
Info (10041): Inferred latch for "d[7][27]" at xkz_a.vhd(266)
Info (10041): Inferred latch for "d[7][28]" at xkz_a.vhd(266)
Info (10041): Inferred latch for "d[7][29]" at xkz_a.vhd(266)
Info (10041): Inferred latch for "d[7][30]" at xkz_a.vhd(266)
Info (10041): Inferred latch for "d[7][31]" at xkz_a.vhd(266)
Info (10041): Inferred latch for "e[6][0]" at xkz_a.vhd(233)
Info (10041): Inferred latch for "e[6][1]" at xkz_a.vhd(233)
Info (10041): Inferred latch for "e[6][2]" at xkz_a.vhd(233)
Info (10041): Inferred latch for "e[6][3]" at xkz_a.vhd(233)
Info (10041): Inferred latch for "e[6][4]" at xkz_a.vhd(233)
Info (10041): Inferred latch for "e[6][5]" at xkz_a.vhd(233)
Info (10041): Inferred latch for "e[6][6]" at xkz_a.vhd(233)
Info (10041): Inferred latch for "e[6][7]" at xkz_a.vhd(233)
Info (10041): Inferred latch for "e[6][8]" at xkz_a.vhd(233)
Info (10041): Inferred latch for "e[6][9]" at xkz_a.vhd(233)
Info (10041): Inferred latch for "e[6][10]" at xkz_a.vhd(233)
Info (10041): Inferred latch for "e[6][11]" at xkz_a.vhd(233)
Info (10041): Inferred latch for "e[6][12]" at xkz_a.vhd(233)
Info (10041): Inferred latch for "e[6][13]" at xkz_a.vhd(233)
Info (10041): Inferred latch for "e[6][14]" at xkz_a.vhd(233)
Info (10041): Inferred latch for "e[6][15]" at xkz_a.vhd(233)
Info (10041): Inferred latch for "e[6][16]" at xkz_a.vhd(233)
Info (10041): Inferred latch for "e[6][17]" at xkz_a.vhd(233)
Info (10041): Inferred latch for "e[6][18]" at xkz_a.vhd(233)
Info (10041): Inferred latch for "e[6][19]" at xkz_a.vhd(233)
Info (10041): Inferred latch for "e[6][20]" at xkz_a.vhd(233)
Info (10041): Inferred latch for "e[6][21]" at xkz_a.vhd(233)
Info (10041): Inferred latch for "e[6][22]" at xkz_a.vhd(233)
Info (10041): Inferred latch for "e[6][23]" at xkz_a.vhd(233)
Info (10041): Inferred latch for "e[6][24]" at xkz_a.vhd(233)
Info (10041): Inferred latch for "e[6][25]" at xkz_a.vhd(233)
Info (10041): Inferred latch for "e[6][26]" at xkz_a.vhd(233)
Info (10041): Inferred latch for "e[6][27]" at xkz_a.vhd(233)
Info (10041): Inferred latch for "e[6][28]" at xkz_a.vhd(233)
Info (10041): Inferred latch for "e[6][29]" at xkz_a.vhd(233)
Info (10041): Inferred latch for "e[6][30]" at xkz_a.vhd(233)
Info (10041): Inferred latch for "e[6][31]" at xkz_a.vhd(233)
Info (10041): Inferred latch for "d[6][0]" at xkz_a.vhd(233)
Info (10041): Inferred latch for "d[6][1]" at xkz_a.vhd(233)
Info (10041): Inferred latch for "d[6][2]" at xkz_a.vhd(233)
Info (10041): Inferred latch for "d[6][3]" at xkz_a.vhd(233)
Info (10041): Inferred latch for "d[6][4]" at xkz_a.vhd(233)
Info (10041): Inferred latch for "d[6][5]" at xkz_a.vhd(233)
Info (10041): Inferred latch for "d[6][6]" at xkz_a.vhd(233)
Info (10041): Inferred latch for "d[6][7]" at xkz_a.vhd(233)
Info (10041): Inferred latch for "d[6][8]" at xkz_a.vhd(233)
Info (10041): Inferred latch for "d[6][9]" at xkz_a.vhd(233)
Info (10041): Inferred latch for "d[6][10]" at xkz_a.vhd(233)
Info (10041): Inferred latch for "d[6][11]" at xkz_a.vhd(233)
Info (10041): Inferred latch for "d[6][12]" at xkz_a.vhd(233)
Info (10041): Inferred latch for "d[6][13]" at xkz_a.vhd(233)
Info (10041): Inferred latch for "d[6][14]" at xkz_a.vhd(233)
Info (10041): Inferred latch for "d[6][15]" at xkz_a.vhd(233)
Info (10041): Inferred latch for "d[6][16]" at xkz_a.vhd(233)
Info (10041): Inferred latch for "d[6][17]" at xkz_a.vhd(233)
Info (10041): Inferred latch for "d[6][18]" at xkz_a.vhd(233)
Info (10041): Inferred latch for "d[6][19]" at xkz_a.vhd(233)
Info (10041): Inferred latch for "d[6][20]" at xkz_a.vhd(233)
Info (10041): Inferred latch for "d[6][21]" at xkz_a.vhd(233)
Info (10041): Inferred latch for "d[6][22]" at xkz_a.vhd(233)
Info (10041): Inferred latch for "d[6][23]" at xkz_a.vhd(233)
Info (10041): Inferred latch for "d[6][24]" at xkz_a.vhd(233)
Info (10041): Inferred latch for "d[6][25]" at xkz_a.vhd(233)
Info (10041): Inferred latch for "d[6][26]" at xkz_a.vhd(233)
Info (10041): Inferred latch for "d[6][27]" at xkz_a.vhd(233)
Info (10041): Inferred latch for "d[6][28]" at xkz_a.vhd(233)
Info (10041): Inferred latch for "d[6][29]" at xkz_a.vhd(233)
Info (10041): Inferred latch for "d[6][30]" at xkz_a.vhd(233)
Info (10041): Inferred latch for "d[6][31]" at xkz_a.vhd(233)
Info (10041): Inferred latch for "e[5][0]" at xkz_a.vhd(200)
Info (10041): Inferred latch for "e[5][1]" at xkz_a.vhd(200)
Info (10041): Inferred latch for "e[5][2]" at xkz_a.vhd(200)
Info (10041): Inferred latch for "e[5][3]" at xkz_a.vhd(200)
Info (10041): Inferred latch for "e[5][4]" at xkz_a.vhd(200)
Info (10041): Inferred latch for "e[5][5]" at xkz_a.vhd(200)
Info (10041): Inferred latch for "e[5][6]" at xkz_a.vhd(200)
Info (10041): Inferred latch for "e[5][7]" at xkz_a.vhd(200)
Info (10041): Inferred latch for "e[5][8]" at xkz_a.vhd(200)
Info (10041): Inferred latch for "e[5][9]" at xkz_a.vhd(200)
Info (10041): Inferred latch for "e[5][10]" at xkz_a.vhd(200)
Info (10041): Inferred latch for "e[5][11]" at xkz_a.vhd(200)
Info (10041): Inferred latch for "e[5][12]" at xkz_a.vhd(200)
Info (10041): Inferred latch for "e[5][13]" at xkz_a.vhd(200)
Info (10041): Inferred latch for "e[5][14]" at xkz_a.vhd(200)
Info (10041): Inferred latch for "e[5][15]" at xkz_a.vhd(200)
Info (10041): Inferred latch for "e[5][16]" at xkz_a.vhd(200)
Info (10041): Inferred latch for "e[5][17]" at xkz_a.vhd(200)
Info (10041): Inferred latch for "e[5][18]" at xkz_a.vhd(200)
Info (10041): Inferred latch for "e[5][19]" at xkz_a.vhd(200)
Info (10041): Inferred latch for "e[5][20]" at xkz_a.vhd(200)
Info (10041): Inferred latch for "e[5][21]" at xkz_a.vhd(200)
Info (10041): Inferred latch for "e[5][22]" at xkz_a.vhd(200)
Info (10041): Inferred latch for "e[5][23]" at xkz_a.vhd(200)
Info (10041): Inferred latch for "e[5][24]" at xkz_a.vhd(200)
Info (10041): Inferred latch for "e[5][25]" at xkz_a.vhd(200)
Info (10041): Inferred latch for "e[5][26]" at xkz_a.vhd(200)
Info (10041): Inferred latch for "e[5][27]" at xkz_a.vhd(200)
Info (10041): Inferred latch for "e[5][28]" at xkz_a.vhd(200)
Info (10041): Inferred latch for "e[5][29]" at xkz_a.vhd(200)
Info (10041): Inferred latch for "e[5][30]" at xkz_a.vhd(200)
Info (10041): Inferred latch for "e[5][31]" at xkz_a.vhd(200)
Info (10041): Inferred latch for "d[5][0]" at xkz_a.vhd(200)
Info (10041): Inferred latch for "d[5][1]" at xkz_a.vhd(200)
Info (10041): Inferred latch for "d[5][2]" at xkz_a.vhd(200)
Info (10041): Inferred latch for "d[5][3]" at xkz_a.vhd(200)
Info (10041): Inferred latch for "d[5][4]" at xkz_a.vhd(200)
Info (10041): Inferred latch for "d[5][5]" at xkz_a.vhd(200)
Info (10041): Inferred latch for "d[5][6]" at xkz_a.vhd(200)
Info (10041): Inferred latch for "d[5][7]" at xkz_a.vhd(200)
Info (10041): Inferred latch for "d[5][8]" at xkz_a.vhd(200)
Info (10041): Inferred latch for "d[5][9]" at xkz_a.vhd(200)
Info (10041): Inferred latch for "d[5][10]" at xkz_a.vhd(200)
Info (10041): Inferred latch for "d[5][11]" at xkz_a.vhd(200)
Info (10041): Inferred latch for "d[5][12]" at xkz_a.vhd(200)
Info (10041): Inferred latch for "d[5][13]" at xkz_a.vhd(200)
Info (10041): Inferred latch for "d[5][14]" at xkz_a.vhd(200)
Info (10041): Inferred latch for "d[5][15]" at xkz_a.vhd(200)
Info (10041): Inferred latch for "d[5][16]" at xkz_a.vhd(200)
Info (10041): Inferred latch for "d[5][17]" at xkz_a.vhd(200)
Info (10041): Inferred latch for "d[5][18]" at xkz_a.vhd(200)
Info (10041): Inferred latch for "d[5][19]" at xkz_a.vhd(200)
Info (10041): Inferred latch for "d[5][20]" at xkz_a.vhd(200)
Info (10041): Inferred latch for "d[5][21]" at xkz_a.vhd(200)
Info (10041): Inferred latch for "d[5][22]" at xkz_a.vhd(200)
Info (10041): Inferred latch for "d[5][23]" at xkz_a.vhd(200)
Info (10041): Inferred latch for "d[5][24]" at xkz_a.vhd(200)
Info (10041): Inferred latch for "d[5][25]" at xkz_a.vhd(200)
Info (10041): Inferred latch for "d[5][26]" at xkz_a.vhd(200)
Info (10041): Inferred latch for "d[5][27]" at xkz_a.vhd(200)
Info (10041): Inferred latch for "d[5][28]" at xkz_a.vhd(200)
Info (10041): Inferred latch for "d[5][29]" at xkz_a.vhd(200)
Info (10041): Inferred latch for "d[5][30]" at xkz_a.vhd(200)
Info (10041): Inferred latch for "d[5][31]" at xkz_a.vhd(200)
Info (10041): Inferred latch for "e[4][0]" at xkz_a.vhd(167)
Info (10041): Inferred latch for "e[4][1]" at xkz_a.vhd(167)
Info (10041): Inferred latch for "e[4][2]" at xkz_a.vhd(167)
Info (10041): Inferred latch for "e[4][3]" at xkz_a.vhd(167)
Info (10041): Inferred latch for "e[4][4]" at xkz_a.vhd(167)
Info (10041): Inferred latch for "e[4][5]" at xkz_a.vhd(167)
Info (10041): Inferred latch for "e[4][6]" at xkz_a.vhd(167)
Info (10041): Inferred latch for "e[4][7]" at xkz_a.vhd(167)
Info (10041): Inferred latch for "e[4][8]" at xkz_a.vhd(167)
Info (10041): Inferred latch for "e[4][9]" at xkz_a.vhd(167)
Info (10041): Inferred latch for "e[4][10]" at xkz_a.vhd(167)
Info (10041): Inferred latch for "e[4][11]" at xkz_a.vhd(167)
Info (10041): Inferred latch for "e[4][12]" at xkz_a.vhd(167)
Info (10041): Inferred latch for "e[4][13]" at xkz_a.vhd(167)
Info (10041): Inferred latch for "e[4][14]" at xkz_a.vhd(167)
Info (10041): Inferred latch for "e[4][15]" at xkz_a.vhd(167)
Info (10041): Inferred latch for "e[4][16]" at xkz_a.vhd(167)
Info (10041): Inferred latch for "e[4][17]" at xkz_a.vhd(167)
Info (10041): Inferred latch for "e[4][18]" at xkz_a.vhd(167)
Info (10041): Inferred latch for "e[4][19]" at xkz_a.vhd(167)
Info (10041): Inferred latch for "e[4][20]" at xkz_a.vhd(167)
Info (10041): Inferred latch for "e[4][21]" at xkz_a.vhd(167)
Info (10041): Inferred latch for "e[4][22]" at xkz_a.vhd(167)
Info (10041): Inferred latch for "e[4][23]" at xkz_a.vhd(167)
Info (10041): Inferred latch for "e[4][24]" at xkz_a.vhd(167)
Info (10041): Inferred latch for "e[4][25]" at xkz_a.vhd(167)
Info (10041): Inferred latch for "e[4][26]" at xkz_a.vhd(167)
Info (10041): Inferred latch for "e[4][27]" at xkz_a.vhd(167)
Info (10041): Inferred latch for "e[4][28]" at xkz_a.vhd(167)
Info (10041): Inferred latch for "e[4][29]" at xkz_a.vhd(167)
Info (10041): Inferred latch for "e[4][30]" at xkz_a.vhd(167)
Info (10041): Inferred latch for "e[4][31]" at xkz_a.vhd(167)
Info (10041): Inferred latch for "d[4][0]" at xkz_a.vhd(167)
Info (10041): Inferred latch for "d[4][1]" at xkz_a.vhd(167)
Info (10041): Inferred latch for "d[4][2]" at xkz_a.vhd(167)
Info (10041): Inferred latch for "d[4][3]" at xkz_a.vhd(167)
Info (10041): Inferred latch for "d[4][4]" at xkz_a.vhd(167)
Info (10041): Inferred latch for "d[4][5]" at xkz_a.vhd(167)
Info (10041): Inferred latch for "d[4][6]" at xkz_a.vhd(167)
Info (10041): Inferred latch for "d[4][7]" at xkz_a.vhd(167)
Info (10041): Inferred latch for "d[4][8]" at xkz_a.vhd(167)
Info (10041): Inferred latch for "d[4][9]" at xkz_a.vhd(167)
Info (10041): Inferred latch for "d[4][10]" at xkz_a.vhd(167)
Info (10041): Inferred latch for "d[4][11]" at xkz_a.vhd(167)
Info (10041): Inferred latch for "d[4][12]" at xkz_a.vhd(167)
Info (10041): Inferred latch for "d[4][13]" at xkz_a.vhd(167)
Info (10041): Inferred latch for "d[4][14]" at xkz_a.vhd(167)
Info (10041): Inferred latch for "d[4][15]" at xkz_a.vhd(167)
Info (10041): Inferred latch for "d[4][16]" at xkz_a.vhd(167)
Info (10041): Inferred latch for "d[4][17]" at xkz_a.vhd(167)
Info (10041): Inferred latch for "d[4][18]" at xkz_a.vhd(167)
Info (10041): Inferred latch for "d[4][19]" at xkz_a.vhd(167)
Info (10041): Inferred latch for "d[4][20]" at xkz_a.vhd(167)
Info (10041): Inferred latch for "d[4][21]" at xkz_a.vhd(167)
Info (10041): Inferred latch for "d[4][22]" at xkz_a.vhd(167)
Info (10041): Inferred latch for "d[4][23]" at xkz_a.vhd(167)
Info (10041): Inferred latch for "d[4][24]" at xkz_a.vhd(167)
Info (10041): Inferred latch for "d[4][25]" at xkz_a.vhd(167)
Info (10041): Inferred latch for "d[4][26]" at xkz_a.vhd(167)
Info (10041): Inferred latch for "d[4][27]" at xkz_a.vhd(167)
Info (10041): Inferred latch for "d[4][28]" at xkz_a.vhd(167)
Info (10041): Inferred latch for "d[4][29]" at xkz_a.vhd(167)
Info (10041): Inferred latch for "d[4][30]" at xkz_a.vhd(167)
Info (10041): Inferred latch for "d[4][31]" at xkz_a.vhd(167)
Info (10041): Inferred latch for "e[3][0]" at xkz_a.vhd(134)
Info (10041): Inferred latch for "e[3][1]" at xkz_a.vhd(134)
Info (10041): Inferred latch for "e[3][2]" at xkz_a.vhd(134)
Info (10041): Inferred latch for "e[3][3]" at xkz_a.vhd(134)
Info (10041): Inferred latch for "e[3][4]" at xkz_a.vhd(134)
Info (10041): Inferred latch for "e[3][5]" at xkz_a.vhd(134)
Info (10041): Inferred latch for "e[3][6]" at xkz_a.vhd(134)
Info (10041): Inferred latch for "e[3][7]" at xkz_a.vhd(134)
Info (10041): Inferred latch for "e[3][8]" at xkz_a.vhd(134)
Info (10041): Inferred latch for "e[3][9]" at xkz_a.vhd(134)
Info (10041): Inferred latch for "e[3][10]" at xkz_a.vhd(134)
Info (10041): Inferred latch for "e[3][11]" at xkz_a.vhd(134)
Info (10041): Inferred latch for "e[3][12]" at xkz_a.vhd(134)
Info (10041): Inferred latch for "e[3][13]" at xkz_a.vhd(134)
Info (10041): Inferred latch for "e[3][14]" at xkz_a.vhd(134)
Info (10041): Inferred latch for "e[3][15]" at xkz_a.vhd(134)
Info (10041): Inferred latch for "e[3][16]" at xkz_a.vhd(134)
Info (10041): Inferred latch for "e[3][17]" at xkz_a.vhd(134)
Info (10041): Inferred latch for "e[3][18]" at xkz_a.vhd(134)
Info (10041): Inferred latch for "e[3][19]" at xkz_a.vhd(134)
Info (10041): Inferred latch for "e[3][20]" at xkz_a.vhd(134)
Info (10041): Inferred latch for "e[3][21]" at xkz_a.vhd(134)
Info (10041): Inferred latch for "e[3][22]" at xkz_a.vhd(134)
Info (10041): Inferred latch for "e[3][23]" at xkz_a.vhd(134)
Info (10041): Inferred latch for "e[3][24]" at xkz_a.vhd(134)
Info (10041): Inferred latch for "e[3][25]" at xkz_a.vhd(134)
Info (10041): Inferred latch for "e[3][26]" at xkz_a.vhd(134)
Info (10041): Inferred latch for "e[3][27]" at xkz_a.vhd(134)
Info (10041): Inferred latch for "e[3][28]" at xkz_a.vhd(134)
Info (10041): Inferred latch for "e[3][29]" at xkz_a.vhd(134)
Info (10041): Inferred latch for "e[3][30]" at xkz_a.vhd(134)
Info (10041): Inferred latch for "e[3][31]" at xkz_a.vhd(134)
Info (10041): Inferred latch for "d[3][0]" at xkz_a.vhd(134)
Info (10041): Inferred latch for "d[3][1]" at xkz_a.vhd(134)
Info (10041): Inferred latch for "d[3][2]" at xkz_a.vhd(134)
Info (10041): Inferred latch for "d[3][3]" at xkz_a.vhd(134)
Info (10041): Inferred latch for "d[3][4]" at xkz_a.vhd(134)
Info (10041): Inferred latch for "d[3][5]" at xkz_a.vhd(134)
Info (10041): Inferred latch for "d[3][6]" at xkz_a.vhd(134)
Info (10041): Inferred latch for "d[3][7]" at xkz_a.vhd(134)
Info (10041): Inferred latch for "d[3][8]" at xkz_a.vhd(134)
Info (10041): Inferred latch for "d[3][9]" at xkz_a.vhd(134)
Info (10041): Inferred latch for "d[3][10]" at xkz_a.vhd(134)
Info (10041): Inferred latch for "d[3][11]" at xkz_a.vhd(134)
Info (10041): Inferred latch for "d[3][12]" at xkz_a.vhd(134)
Info (10041): Inferred latch for "d[3][13]" at xkz_a.vhd(134)
Info (10041): Inferred latch for "d[3][14]" at xkz_a.vhd(134)
Info (10041): Inferred latch for "d[3][15]" at xkz_a.vhd(134)
Info (10041): Inferred latch for "d[3][16]" at xkz_a.vhd(134)
Info (10041): Inferred latch for "d[3][17]" at xkz_a.vhd(134)
Info (10041): Inferred latch for "d[3][18]" at xkz_a.vhd(134)
Info (10041): Inferred latch for "d[3][19]" at xkz_a.vhd(134)
Info (10041): Inferred latch for "d[3][20]" at xkz_a.vhd(134)
Info (10041): Inferred latch for "d[3][21]" at xkz_a.vhd(134)
Info (10041): Inferred latch for "d[3][22]" at xkz_a.vhd(134)
Info (10041): Inferred latch for "d[3][23]" at xkz_a.vhd(134)
Info (10041): Inferred latch for "d[3][24]" at xkz_a.vhd(134)
Info (10041): Inferred latch for "d[3][25]" at xkz_a.vhd(134)
Info (10041): Inferred latch for "d[3][26]" at xkz_a.vhd(134)
Info (10041): Inferred latch for "d[3][27]" at xkz_a.vhd(134)
Info (10041): Inferred latch for "d[3][28]" at xkz_a.vhd(134)
Info (10041): Inferred latch for "d[3][29]" at xkz_a.vhd(134)
Info (10041): Inferred latch for "d[3][30]" at xkz_a.vhd(134)
Info (10041): Inferred latch for "d[3][31]" at xkz_a.vhd(134)
Info (10041): Inferred latch for "e[2][0]" at xkz_a.vhd(101)
Info (10041): Inferred latch for "e[2][1]" at xkz_a.vhd(101)
Info (10041): Inferred latch for "e[2][2]" at xkz_a.vhd(101)
Info (10041): Inferred latch for "e[2][3]" at xkz_a.vhd(101)
Info (10041): Inferred latch for "e[2][4]" at xkz_a.vhd(101)
Info (10041): Inferred latch for "e[2][5]" at xkz_a.vhd(101)
Info (10041): Inferred latch for "e[2][6]" at xkz_a.vhd(101)
Info (10041): Inferred latch for "e[2][7]" at xkz_a.vhd(101)
Info (10041): Inferred latch for "e[2][8]" at xkz_a.vhd(101)
Info (10041): Inferred latch for "e[2][9]" at xkz_a.vhd(101)
Info (10041): Inferred latch for "e[2][10]" at xkz_a.vhd(101)
Info (10041): Inferred latch for "e[2][11]" at xkz_a.vhd(101)
Info (10041): Inferred latch for "e[2][12]" at xkz_a.vhd(101)
Info (10041): Inferred latch for "e[2][13]" at xkz_a.vhd(101)
Info (10041): Inferred latch for "e[2][14]" at xkz_a.vhd(101)
Info (10041): Inferred latch for "e[2][15]" at xkz_a.vhd(101)
Info (10041): Inferred latch for "e[2][16]" at xkz_a.vhd(101)
Info (10041): Inferred latch for "e[2][17]" at xkz_a.vhd(101)
Info (10041): Inferred latch for "e[2][18]" at xkz_a.vhd(101)
Info (10041): Inferred latch for "e[2][19]" at xkz_a.vhd(101)
Info (10041): Inferred latch for "e[2][20]" at xkz_a.vhd(101)
Info (10041): Inferred latch for "e[2][21]" at xkz_a.vhd(101)
Info (10041): Inferred latch for "e[2][22]" at xkz_a.vhd(101)
Info (10041): Inferred latch for "e[2][23]" at xkz_a.vhd(101)
Info (10041): Inferred latch for "e[2][24]" at xkz_a.vhd(101)
Info (10041): Inferred latch for "e[2][25]" at xkz_a.vhd(101)
Info (10041): Inferred latch for "e[2][26]" at xkz_a.vhd(101)
Info (10041): Inferred latch for "e[2][27]" at xkz_a.vhd(101)
Info (10041): Inferred latch for "e[2][28]" at xkz_a.vhd(101)
Info (10041): Inferred latch for "e[2][29]" at xkz_a.vhd(101)
Info (10041): Inferred latch for "e[2][30]" at xkz_a.vhd(101)
Info (10041): Inferred latch for "e[2][31]" at xkz_a.vhd(101)
Info (10041): Inferred latch for "d[2][0]" at xkz_a.vhd(101)
Info (10041): Inferred latch for "d[2][1]" at xkz_a.vhd(101)
Info (10041): Inferred latch for "d[2][2]" at xkz_a.vhd(101)
Info (10041): Inferred latch for "d[2][3]" at xkz_a.vhd(101)
Info (10041): Inferred latch for "d[2][4]" at xkz_a.vhd(101)
Info (10041): Inferred latch for "d[2][5]" at xkz_a.vhd(101)
Info (10041): Inferred latch for "d[2][6]" at xkz_a.vhd(101)
Info (10041): Inferred latch for "d[2][7]" at xkz_a.vhd(101)
Info (10041): Inferred latch for "d[2][8]" at xkz_a.vhd(101)
Info (10041): Inferred latch for "d[2][9]" at xkz_a.vhd(101)
Info (10041): Inferred latch for "d[2][10]" at xkz_a.vhd(101)
Info (10041): Inferred latch for "d[2][11]" at xkz_a.vhd(101)
Info (10041): Inferred latch for "d[2][12]" at xkz_a.vhd(101)
Info (10041): Inferred latch for "d[2][13]" at xkz_a.vhd(101)
Info (10041): Inferred latch for "d[2][14]" at xkz_a.vhd(101)
Info (10041): Inferred latch for "d[2][15]" at xkz_a.vhd(101)
Info (10041): Inferred latch for "d[2][16]" at xkz_a.vhd(101)
Info (10041): Inferred latch for "d[2][17]" at xkz_a.vhd(101)
Info (10041): Inferred latch for "d[2][18]" at xkz_a.vhd(101)
Info (10041): Inferred latch for "d[2][19]" at xkz_a.vhd(101)
Info (10041): Inferred latch for "d[2][20]" at xkz_a.vhd(101)
Info (10041): Inferred latch for "d[2][21]" at xkz_a.vhd(101)
Info (10041): Inferred latch for "d[2][22]" at xkz_a.vhd(101)
Info (10041): Inferred latch for "d[2][23]" at xkz_a.vhd(101)
Info (10041): Inferred latch for "d[2][24]" at xkz_a.vhd(101)
Info (10041): Inferred latch for "d[2][25]" at xkz_a.vhd(101)
Info (10041): Inferred latch for "d[2][26]" at xkz_a.vhd(101)
Info (10041): Inferred latch for "d[2][27]" at xkz_a.vhd(101)
Info (10041): Inferred latch for "d[2][28]" at xkz_a.vhd(101)
Info (10041): Inferred latch for "d[2][29]" at xkz_a.vhd(101)
Info (10041): Inferred latch for "d[2][30]" at xkz_a.vhd(101)
Info (10041): Inferred latch for "d[2][31]" at xkz_a.vhd(101)
Info (10041): Inferred latch for "e[1][0]" at xkz_a.vhd(68)
Info (10041): Inferred latch for "e[1][1]" at xkz_a.vhd(68)
Info (10041): Inferred latch for "e[1][2]" at xkz_a.vhd(68)
Info (10041): Inferred latch for "e[1][3]" at xkz_a.vhd(68)
Info (10041): Inferred latch for "e[1][4]" at xkz_a.vhd(68)
Info (10041): Inferred latch for "e[1][5]" at xkz_a.vhd(68)
Info (10041): Inferred latch for "e[1][6]" at xkz_a.vhd(68)
Info (10041): Inferred latch for "e[1][7]" at xkz_a.vhd(68)
Info (10041): Inferred latch for "e[1][8]" at xkz_a.vhd(68)
Info (10041): Inferred latch for "e[1][9]" at xkz_a.vhd(68)
Info (10041): Inferred latch for "e[1][10]" at xkz_a.vhd(68)
Info (10041): Inferred latch for "e[1][11]" at xkz_a.vhd(68)
Info (10041): Inferred latch for "e[1][12]" at xkz_a.vhd(68)
Info (10041): Inferred latch for "e[1][13]" at xkz_a.vhd(68)
Info (10041): Inferred latch for "e[1][14]" at xkz_a.vhd(68)
Info (10041): Inferred latch for "e[1][15]" at xkz_a.vhd(68)
Info (10041): Inferred latch for "e[1][16]" at xkz_a.vhd(68)
Info (10041): Inferred latch for "e[1][17]" at xkz_a.vhd(68)
Info (10041): Inferred latch for "e[1][18]" at xkz_a.vhd(68)
Info (10041): Inferred latch for "e[1][19]" at xkz_a.vhd(68)
Info (10041): Inferred latch for "e[1][20]" at xkz_a.vhd(68)
Info (10041): Inferred latch for "e[1][21]" at xkz_a.vhd(68)
Info (10041): Inferred latch for "e[1][22]" at xkz_a.vhd(68)
Info (10041): Inferred latch for "e[1][23]" at xkz_a.vhd(68)
Info (10041): Inferred latch for "e[1][24]" at xkz_a.vhd(68)
Info (10041): Inferred latch for "e[1][25]" at xkz_a.vhd(68)
Info (10041): Inferred latch for "e[1][26]" at xkz_a.vhd(68)
Info (10041): Inferred latch for "e[1][27]" at xkz_a.vhd(68)
Info (10041): Inferred latch for "e[1][28]" at xkz_a.vhd(68)
Info (10041): Inferred latch for "e[1][29]" at xkz_a.vhd(68)
Info (10041): Inferred latch for "e[1][30]" at xkz_a.vhd(68)
Info (10041): Inferred latch for "e[1][31]" at xkz_a.vhd(68)
Info (10041): Inferred latch for "d[1][0]" at xkz_a.vhd(68)
Info (10041): Inferred latch for "d[1][1]" at xkz_a.vhd(68)
Info (10041): Inferred latch for "d[1][2]" at xkz_a.vhd(68)
Info (10041): Inferred latch for "d[1][3]" at xkz_a.vhd(68)
Info (10041): Inferred latch for "d[1][4]" at xkz_a.vhd(68)
Info (10041): Inferred latch for "d[1][5]" at xkz_a.vhd(68)
Info (10041): Inferred latch for "d[1][6]" at xkz_a.vhd(68)
Info (10041): Inferred latch for "d[1][7]" at xkz_a.vhd(68)
Info (10041): Inferred latch for "d[1][8]" at xkz_a.vhd(68)
Info (10041): Inferred latch for "d[1][9]" at xkz_a.vhd(68)
Info (10041): Inferred latch for "d[1][10]" at xkz_a.vhd(68)
Info (10041): Inferred latch for "d[1][11]" at xkz_a.vhd(68)
Info (10041): Inferred latch for "d[1][12]" at xkz_a.vhd(68)
Info (10041): Inferred latch for "d[1][13]" at xkz_a.vhd(68)
Info (10041): Inferred latch for "d[1][14]" at xkz_a.vhd(68)
Info (10041): Inferred latch for "d[1][15]" at xkz_a.vhd(68)
Info (10041): Inferred latch for "d[1][16]" at xkz_a.vhd(68)
Info (10041): Inferred latch for "d[1][17]" at xkz_a.vhd(68)
Info (10041): Inferred latch for "d[1][18]" at xkz_a.vhd(68)
Info (10041): Inferred latch for "d[1][19]" at xkz_a.vhd(68)
Info (10041): Inferred latch for "d[1][20]" at xkz_a.vhd(68)
Info (10041): Inferred latch for "d[1][21]" at xkz_a.vhd(68)
Info (10041): Inferred latch for "d[1][22]" at xkz_a.vhd(68)
Info (10041): Inferred latch for "d[1][23]" at xkz_a.vhd(68)
Info (10041): Inferred latch for "d[1][24]" at xkz_a.vhd(68)
Info (10041): Inferred latch for "d[1][25]" at xkz_a.vhd(68)
Info (10041): Inferred latch for "d[1][26]" at xkz_a.vhd(68)
Info (10041): Inferred latch for "d[1][27]" at xkz_a.vhd(68)
Info (10041): Inferred latch for "d[1][28]" at xkz_a.vhd(68)
Info (10041): Inferred latch for "d[1][29]" at xkz_a.vhd(68)
Info (10041): Inferred latch for "d[1][30]" at xkz_a.vhd(68)
Info (10041): Inferred latch for "d[1][31]" at xkz_a.vhd(68)
Info (10041): Inferred latch for "e[0][0]" at xkz_a.vhd(35)
Info (10041): Inferred latch for "e[0][1]" at xkz_a.vhd(35)
Info (10041): Inferred latch for "e[0][2]" at xkz_a.vhd(35)
Info (10041): Inferred latch for "e[0][3]" at xkz_a.vhd(35)
Info (10041): Inferred latch for "e[0][4]" at xkz_a.vhd(35)
Info (10041): Inferred latch for "e[0][5]" at xkz_a.vhd(35)
Info (10041): Inferred latch for "e[0][6]" at xkz_a.vhd(35)
Info (10041): Inferred latch for "e[0][7]" at xkz_a.vhd(35)
Info (10041): Inferred latch for "e[0][8]" at xkz_a.vhd(35)
Info (10041): Inferred latch for "e[0][9]" at xkz_a.vhd(35)
Info (10041): Inferred latch for "e[0][10]" at xkz_a.vhd(35)
Info (10041): Inferred latch for "e[0][11]" at xkz_a.vhd(35)
Info (10041): Inferred latch for "e[0][12]" at xkz_a.vhd(35)
Info (10041): Inferred latch for "e[0][13]" at xkz_a.vhd(35)
Info (10041): Inferred latch for "e[0][14]" at xkz_a.vhd(35)
Info (10041): Inferred latch for "e[0][15]" at xkz_a.vhd(35)
Info (10041): Inferred latch for "e[0][16]" at xkz_a.vhd(35)
Info (10041): Inferred latch for "e[0][17]" at xkz_a.vhd(35)
Info (10041): Inferred latch for "e[0][18]" at xkz_a.vhd(35)
Info (10041): Inferred latch for "e[0][19]" at xkz_a.vhd(35)
Info (10041): Inferred latch for "e[0][20]" at xkz_a.vhd(35)
Info (10041): Inferred latch for "e[0][21]" at xkz_a.vhd(35)
Info (10041): Inferred latch for "e[0][22]" at xkz_a.vhd(35)
Info (10041): Inferred latch for "e[0][23]" at xkz_a.vhd(35)
Info (10041): Inferred latch for "e[0][24]" at xkz_a.vhd(35)
Info (10041): Inferred latch for "e[0][25]" at xkz_a.vhd(35)
Info (10041): Inferred latch for "e[0][26]" at xkz_a.vhd(35)
Info (10041): Inferred latch for "e[0][27]" at xkz_a.vhd(35)
Info (10041): Inferred latch for "e[0][28]" at xkz_a.vhd(35)
Info (10041): Inferred latch for "e[0][29]" at xkz_a.vhd(35)
Info (10041): Inferred latch for "e[0][30]" at xkz_a.vhd(35)
Info (10041): Inferred latch for "e[0][31]" at xkz_a.vhd(35)
Info (10041): Inferred latch for "d[0][0]" at xkz_a.vhd(35)
Info (10041): Inferred latch for "d[0][1]" at xkz_a.vhd(35)
Info (10041): Inferred latch for "d[0][2]" at xkz_a.vhd(35)
Info (10041): Inferred latch for "d[0][3]" at xkz_a.vhd(35)
Info (10041): Inferred latch for "d[0][4]" at xkz_a.vhd(35)
Info (10041): Inferred latch for "d[0][5]" at xkz_a.vhd(35)
Info (10041): Inferred latch for "d[0][6]" at xkz_a.vhd(35)
Info (10041): Inferred latch for "d[0][7]" at xkz_a.vhd(35)
Info (10041): Inferred latch for "d[0][8]" at xkz_a.vhd(35)
Info (10041): Inferred latch for "d[0][9]" at xkz_a.vhd(35)
Info (10041): Inferred latch for "d[0][10]" at xkz_a.vhd(35)
Info (10041): Inferred latch for "d[0][11]" at xkz_a.vhd(35)
Info (10041): Inferred latch for "d[0][12]" at xkz_a.vhd(35)
Info (10041): Inferred latch for "d[0][13]" at xkz_a.vhd(35)
Info (10041): Inferred latch for "d[0][14]" at xkz_a.vhd(35)
Info (10041): Inferred latch for "d[0][15]" at xkz_a.vhd(35)
Info (10041): Inferred latch for "d[0][16]" at xkz_a.vhd(35)
Info (10041): Inferred latch for "d[0][17]" at xkz_a.vhd(35)
Info (10041): Inferred latch for "d[0][18]" at xkz_a.vhd(35)
Info (10041): Inferred latch for "d[0][19]" at xkz_a.vhd(35)
Info (10041): Inferred latch for "d[0][20]" at xkz_a.vhd(35)
Info (10041): Inferred latch for "d[0][21]" at xkz_a.vhd(35)
Info (10041): Inferred latch for "d[0][22]" at xkz_a.vhd(35)
Info (10041): Inferred latch for "d[0][23]" at xkz_a.vhd(35)
Info (10041): Inferred latch for "d[0][24]" at xkz_a.vhd(35)
Info (10041): Inferred latch for "d[0][25]" at xkz_a.vhd(35)
Info (10041): Inferred latch for "d[0][26]" at xkz_a.vhd(35)
Info (10041): Inferred latch for "d[0][27]" at xkz_a.vhd(35)
Info (10041): Inferred latch for "d[0][28]" at xkz_a.vhd(35)
Info (10041): Inferred latch for "d[0][29]" at xkz_a.vhd(35)
Info (10041): Inferred latch for "d[0][30]" at xkz_a.vhd(35)
Info (10041): Inferred latch for "d[0][31]" at xkz_a.vhd(35)
Info (12128): Elaborating entity "uart_tx" for hierarchy "uart_tx:uart_tx"
Warning (13046): Tri-state node(s) do not directly drive top-level pin(s)
    Warning (13049): Converted tri-state buffer "uart_tx:uart_tx|bps_start" feeding internal logic into a wire
    Warning (13049): Converted tri-state buffer "uart_rx:uart_rx|bps_start" feeding internal logic into a wire
Warning (13012): Latch receive:receive|s01[4] has unsafe behavior
    Warning (13013): Ports D and ENA on the latch are fed by the same signal uart_rx:uart_rx|rx_data_r[4]
Warning (13012): Latch receive:receive|s01[5] has unsafe behavior
    Warning (13013): Ports D and ENA on the latch are fed by the same signal uart_rx:uart_rx|rx_data_r[5]
Warning (13012): Latch receive:receive|s01[6] has unsafe behavior
    Warning (13013): Ports D and ENA on the latch are fed by the same signal uart_rx:uart_rx|rx_data_r[6]
Warning (13012): Latch receive:receive|s01[7] has unsafe behavior
    Warning (13013): Ports D and ENA on the latch are fed by the same signal uart_rx:uart_rx|rx_data_r[7]
Warning (13012): Latch receive:receive|s01[0] has unsafe behavior
    Warning (13013): Ports D and ENA on the latch are fed by the same signal uart_rx:uart_rx|rx_data_r[0]
Warning (13012): Latch receive:receive|s01[1] has unsafe behavior
    Warning (13013): Ports D and ENA on the latch are fed by the same signal uart_rx:uart_rx|rx_data_r[1]
Warning (13012): Latch receive:receive|s01[2] has unsafe behavior
    Warning (13013): Ports D and ENA on the latch are fed by the same signal uart_rx:uart_rx|rx_data_r[2]
Warning (13012): Latch receive:receive|s01[3] has unsafe behavior
    Warning (13013): Ports D and ENA on the latch are fed by the same signal uart_rx:uart_rx|rx_data_r[3]
Warning (13012): Latch receive:receive|s11[4] has unsafe behavior
    Warning (13013): Ports D and ENA on the latch are fed by the same signal uart_rx:uart_rx|rx_data_r[4]
Warning (13012): Latch receive:receive|s11[5] has unsafe behavior
    Warning (13013): Ports D and ENA on the latch are fed by the same signal uart_rx:uart_rx|rx_data_r[5]
Warning (13012): Latch receive:receive|s11[6] has unsafe behavior
    Warning (13013): Ports D and ENA on the latch are fed by the same signal uart_rx:uart_rx|rx_data_r[6]
Warning (13012): Latch receive:receive|s11[7] has unsafe behavior
    Warning (13013): Ports D and ENA on the latch are fed by the same signal uart_rx:uart_rx|rx_data_r[7]
Warning (13012): Latch receive:receive|s11[0] has unsafe behavior
    Warning (13013): Ports D and ENA on the latch are fed by the same signal uart_rx:uart_rx|rx_data_r[0]
Warning (13012): Latch receive:receive|s11[1] has unsafe behavior
    Warning (13013): Ports D and ENA on the latch are fed by the same signal uart_rx:uart_rx|rx_data_r[1]
Warning (13012): Latch receive:receive|s11[2] has unsafe behavior
    Warning (13013): Ports D and ENA on the latch are fed by the same signal uart_rx:uart_rx|rx_data_r[2]
Warning (13012): Latch receive:receive|s11[3] has unsafe behavior
    Warning (13013): Ports D and ENA on the latch are fed by the same signal uart_rx:uart_rx|rx_data_r[3]
Warning (13012): Latch receive:receive|s21[4] has unsafe behavior
    Warning (13013): Ports D and ENA on the latch are fed by the same signal uart_rx:uart_rx|rx_data_r[4]
Warning (13012): Latch receive:receive|s21[5] has unsafe behavior
    Warning (13013): Ports D and ENA on the latch are fed by the same signal uart_rx:uart_rx|rx_data_r[5]
Warning (13012): Latch receive:receive|s21[6] has unsafe behavior
    Warning (13013): Ports D and ENA on the latch are fed by the same signal uart_rx:uart_rx|rx_data_r[6]
Warning (13012): Latch receive:receive|s21[7] has unsafe behavior
    Warning (13013): Ports D and ENA on the latch are fed by the same signal uart_rx:uart_rx|rx_data_r[7]
Warning (13012): Latch receive:receive|s21[0] has unsafe behavior
    Warning (13013): Ports D and ENA on the latch are fed by the same signal uart_rx:uart_rx|rx_data_r[0]
Warning (13012): Latch receive:receive|s21[1] has unsafe behavior
    Warning (13013): Ports D and ENA on the latch are fed by the same signal uart_rx:uart_rx|rx_data_r[1]
Warning (13012): Latch receive:receive|s21[2] has unsafe behavior
    Warning (13013): Ports D and ENA on the latch are fed by the same signal uart_rx:uart_rx|rx_data_r[2]
Warning (13012): Latch receive:receive|s21[3] has unsafe behavior
    Warning (13013): Ports D and ENA on the latch are fed by the same signal uart_rx:uart_rx|rx_data_r[3]
Warning (13012): Latch receive:receive|s31[4] has unsafe behavior
    Warning (13013): Ports D and ENA on the latch are fed by the same signal uart_rx:uart_rx|rx_data_r[4]
Warning (13012): Latch receive:receive|s31[5] has unsafe behavior
    Warning (13013): Ports D and ENA on the latch are fed by the same signal uart_rx:uart_rx|rx_data_r[5]
Warning (13012): Latch receive:receive|s31[6] has unsafe behavior
    Warning (13013): Ports D and ENA on the latch are fed by the same signal uart_rx:uart_rx|rx_data_r[6]
Warning (13012): Latch receive:receive|s31[7] has unsafe behavior
    Warning (13013): Ports D and ENA on the latch are fed by the same signal uart_rx:uart_rx|rx_data_r[7]
Warning (13012): Latch receive:receive|s31[0] has unsafe behavior
    Warning (13013): Ports D and ENA on the latch are fed by the same signal uart_rx:uart_rx|rx_data_r[0]
Warning (13012): Latch receive:receive|s31[1] has unsafe behavior
    Warning (13013): Ports D and ENA on the latch are fed by the same signal uart_rx:uart_rx|rx_data_r[1]
Warning (13012): Latch receive:receive|s31[2] has unsafe behavior
    Warning (13013): Ports D and ENA on the latch are fed by the same signal uart_rx:uart_rx|rx_data_r[2]
Warning (13012): Latch receive:receive|s31[3] has unsafe behavior
    Warning (13013): Ports D and ENA on the latch are fed by the same signal uart_rx:uart_rx|rx_data_r[3]
Warning (13012): Latch receive:receive|s41[4] has unsafe behavior
    Warning (13013): Ports D and ENA on the latch are fed by the same signal uart_rx:uart_rx|rx_data_r[4]
Warning (13012): Latch receive:receive|s41[5] has unsafe behavior
    Warning (13013): Ports D and ENA on the latch are fed by the same signal uart_rx:uart_rx|rx_data_r[5]
Warning (13012): Latch receive:receive|s41[6] has unsafe behavior
    Warning (13013): Ports D and ENA on the latch are fed by the same signal uart_rx:uart_rx|rx_data_r[6]
Warning (13012): Latch receive:receive|s41[7] has unsafe behavior
    Warning (13013): Ports D and ENA on the latch are fed by the same signal uart_rx:uart_rx|rx_data_r[7]
Warning (13012): Latch receive:receive|s41[0] has unsafe behavior
    Warning (13013): Ports D and ENA on the latch are fed by the same signal uart_rx:uart_rx|rx_data_r[0]
Warning (13012): Latch receive:receive|s41[1] has unsafe behavior
    Warning (13013): Ports D and ENA on the latch are fed by the same signal uart_rx:uart_rx|rx_data_r[1]
Warning (13012): Latch receive:receive|s41[2] has unsafe behavior
    Warning (13013): Ports D and ENA on the latch are fed by the same signal uart_rx:uart_rx|rx_data_r[2]
Warning (13012): Latch receive:receive|s41[3] has unsafe behavior
    Warning (13013): Ports D and ENA on the latch are fed by the same signal uart_rx:uart_rx|rx_data_r[3]
Warning (13012): Latch receive:receive|s51[4] has unsafe behavior
    Warning (13013): Ports D and ENA on the latch are fed by the same signal uart_rx:uart_rx|rx_data_r[4]
Warning (13012): Latch receive:receive|s51[5] has unsafe behavior
    Warning (13013): Ports D and ENA on the latch are fed by the same signal uart_rx:uart_rx|rx_data_r[5]
Warning (13012): Latch receive:receive|s51[6] has unsafe behavior
    Warning (13013): Ports D and ENA on the latch are fed by the same signal uart_rx:uart_rx|rx_data_r[6]
Warning (13012): Latch receive:receive|s51[7] has unsafe behavior
    Warning (13013): Ports D and ENA on the latch are fed by the same signal uart_rx:uart_rx|rx_data_r[7]
Warning (13012): Latch receive:receive|s51[0] has unsafe behavior
    Warning (13013): Ports D and ENA on the latch are fed by the same signal uart_rx:uart_rx|rx_data_r[0]
Warning (13012): Latch receive:receive|s51[1] has unsafe behavior
    Warning (13013): Ports D and ENA on the latch are fed by the same signal uart_rx:uart_rx|rx_data_r[1]
Warning (13012): Latch receive:receive|s51[2] has unsafe behavior
    Warning (13013): Ports D and ENA on the latch are fed by the same signal uart_rx:uart_rx|rx_data_r[2]
Warning (13012): Latch receive:receive|s51[3] has unsafe behavior
    Warning (13013): Ports D and ENA on the latch are fed by the same signal uart_rx:uart_rx|rx_data_r[3]
Warning (13012): Latch receive:receive|s61[4] has unsafe behavior
    Warning (13013): Ports D and ENA on the latch are fed by the same signal uart_rx:uart_rx|rx_data_r[4]
Warning (13012): Latch receive:receive|s61[5] has unsafe behavior
    Warning (13013): Ports D and ENA on the latch are fed by the same signal uart_rx:uart_rx|rx_data_r[5]
Warning (13012): Latch receive:receive|s61[6] has unsafe behavior
    Warning (13013): Ports D and ENA on the latch are fed by the same signal uart_rx:uart_rx|rx_data_r[6]
Warning (13012): Latch receive:receive|s61[7] has unsafe behavior
    Warning (13013): Ports D and ENA on the latch are fed by the same signal uart_rx:uart_rx|rx_data_r[7]
Warning (13012): Latch receive:receive|s61[0] has unsafe behavior
    Warning (13013): Ports D and ENA on the latch are fed by the same signal uart_rx:uart_rx|rx_data_r[0]
Warning (13012): Latch receive:receive|s61[1] has unsafe behavior
    Warning (13013): Ports D and ENA on the latch are fed by the same signal uart_rx:uart_rx|rx_data_r[1]
Warning (13012): Latch receive:receive|s61[2] has unsafe behavior
    Warning (13013): Ports D and ENA on the latch are fed by the same signal uart_rx:uart_rx|rx_data_r[2]
Warning (13012): Latch receive:receive|s61[3] has unsafe behavior
    Warning (13013): Ports D and ENA on the latch are fed by the same signal uart_rx:uart_rx|rx_data_r[3]
Warning (13012): Latch receive:receive|s71[4] has unsafe behavior
    Warning (13013): Ports D and ENA on the latch are fed by the same signal uart_rx:uart_rx|rx_data_r[4]
Warning (13012): Latch receive:receive|s71[5] has unsafe behavior
    Warning (13013): Ports D and ENA on the latch are fed by the same signal uart_rx:uart_rx|rx_data_r[5]
Warning (13012): Latch receive:receive|s71[6] has unsafe behavior
    Warning (13013): Ports D and ENA on the latch are fed by the same signal uart_rx:uart_rx|rx_data_r[6]
Warning (13012): Latch receive:receive|s71[7] has unsafe behavior
    Warning (13013): Ports D and ENA on the latch are fed by the same signal uart_rx:uart_rx|rx_data_r[7]
Warning (13012): Latch receive:receive|s71[0] has unsafe behavior
    Warning (13013): Ports D and ENA on the latch are fed by the same signal uart_rx:uart_rx|rx_data_r[0]
Warning (13012): Latch receive:receive|s71[1] has unsafe behavior
    Warning (13013): Ports D and ENA on the latch are fed by the same signal uart_rx:uart_rx|rx_data_r[1]
Warning (13012): Latch receive:receive|s71[2] has unsafe behavior
    Warning (13013): Ports D and ENA on the latch are fed by the same signal uart_rx:uart_rx|rx_data_r[2]
Warning (13012): Latch receive:receive|s71[3] has unsafe behavior
    Warning (13013): Ports D and ENA on the latch are fed by the same signal uart_rx:uart_rx|rx_data_r[3]
Info (13000): Registers with preset signals will power-up high
Info (13003): DEV_CLRn pin will set, and not reset, register with preset signal due to NOT Gate Push-Back
Warning (13024): Output pins are stuck at VCC or GND
    Warning (13410): Pin "digital[0]" is stuck at GND
    Warning (13410): Pin "digital[1]" is stuck at GND
    Warning (13410): Pin "digital[2]" is stuck at GND
    Warning (13410): Pin "digital[3]" is stuck at GND
    Warning (13410): Pin "digital[4]" is stuck at GND
    Warning (13410): Pin "digital[5]" is stuck at GND
    Warning (13410): Pin "digital[6]" is stuck at GND
    Warning (13410): Pin "digital[7]" is stuck at GND
Info (286030): Timing-Driven Synthesis is running
Info (17049): 2 registers lost all their fanouts during netlist optimizations.
Info (16010): Generating hard_block partition "hard_block:auto_generated_inst"
    Info (16011): Adding 0 node(s), including 0 DDIO, 0 PLL, 0 transceiver and 0 LCELL
Info (21057): Implemented 1186 device resources after synthesis - the final resource count might be different
    Info (21058): Implemented 5 input pins
    Info (21059): Implemented 27 output pins
    Info (21061): Implemented 1154 logic cells
Info: Quartus II 64-Bit Analysis & Synthesis was successful. 0 errors, 174 warnings
    Info: Peak virtual memory: 477 megabytes
    Info: Processing ended: Thu May 21 18:40:05 2015
    Info: Elapsed time: 00:00:05
    Info: Total CPU time (on all processors): 00:00:05


